17:32:41 **** Build of project Module_2_LED_Controller_bsp ****
make -k all 
"Running Make include in ps7_cortexa9_0/libsrc/coresightps_dcc_v1_4/src"
make -C ps7_cortexa9_0/libsrc/coresightps_dcc_v1_4/src -s include  "SHELL=CMD" "COMPILER=arm-none-eabi-gcc" "ARCHIVER=arm-none-eabi-ar" "COMPILER_FLAGS=  -O2 -c" "EXTRA_COMPILER_FLAGS=-mcpu=cortex-a9 -mfpu=vfpv3 -mfloat-abi=hard -nostartfiles -g -Wall -Wextra"
"Running Make include in ps7_cortexa9_0/libsrc/cpu_cortexa9_v2_6/src"
make -C ps7_cortexa9_0/libsrc/cpu_cortexa9_v2_6/src -s include  "SHELL=CMD" "COMPILER=arm-none-eabi-gcc" "ARCHIVER=arm-none-eabi-ar" "COMPILER_FLAGS=  -O2 -c" "EXTRA_COMPILER_FLAGS=-mcpu=cortex-a9 -mfpu=vfpv3 -mfloat-abi=hard -nostartfiles -g -Wall -Wextra"
"Running Make include in ps7_cortexa9_0/libsrc/ddrps_v1_0/src"
make -C ps7_cortexa9_0/libsrc/ddrps_v1_0/src -s include  "SHELL=CMD" "COMPILER=arm-none-eabi-gcc" "ARCHIVER=arm-none-eabi-ar" "COMPILER_FLAGS=  -O2 -c" "EXTRA_COMPILER_FLAGS=-mcpu=cortex-a9 -mfpu=vfpv3 -mfloat-abi=hard -nostartfiles -g -Wall -Wextra"
"Running Make include in ps7_cortexa9_0/libsrc/devcfg_v3_5/src"
make -C ps7_cortexa9_0/libsrc/devcfg_v3_5/src -s include  "SHELL=CMD" "COMPILER=arm-none-eabi-gcc" "ARCHIVER=arm-none-eabi-ar" "COMPILER_FLAGS=  -O2 -c" "EXTRA_COMPILER_FLAGS=-mcpu=cortex-a9 -mfpu=vfpv3 -mfloat-abi=hard -nostartfiles -g -Wall -Wextra"
"Running Make include in ps7_cortexa9_0/libsrc/dmaps_v2_3/src"
make -C ps7_cortexa9_0/libsrc/dmaps_v2_3/src -s include  "SHELL=CMD" "COMPILER=arm-none-eabi-gcc" "ARCHIVER=arm-none-eabi-ar" "COMPILER_FLAGS=  -O2 -c" "EXTRA_COMPILER_FLAGS=-mcpu=cortex-a9 -mfpu=vfpv3 -mfloat-abi=hard -nostartfiles -g -Wall -Wextra"
"Running Make include in ps7_cortexa9_0/libsrc/gpiops_v3_3/src"
make -C ps7_cortexa9_0/libsrc/gpiops_v3_3/src -s include  "SHELL=CMD" "COMPILER=arm-none-eabi-gcc" "ARCHIVER=arm-none-eabi-ar" "COMPILER_FLAGS=  -O2 -c" "EXTRA_COMPILER_FLAGS=-mcpu=cortex-a9 -mfpu=vfpv3 -mfloat-abi=hard -nostartfiles -g -Wall -Wextra"
"Running Make include in ps7_cortexa9_0/libsrc/myLED_v1_0/src"
make -C ps7_cortexa9_0/libsrc/myLED_v1_0/src -s include  "SHELL=CMD" "COMPILER=arm-none-eabi-gcc" "ARCHIVER=arm-none-eabi-ar" "COMPILER_FLAGS=  -O2 -c" "EXTRA_COMPILER_FLAGS=-mcpu=cortex-a9 -mfpu=vfpv3 -mfloat-abi=hard -nostartfiles -g -Wall -Wextra"
"Running Make include in ps7_cortexa9_0/libsrc/qspips_v3_4/src"
make -C ps7_cortexa9_0/libsrc/qspips_v3_4/src -s include  "SHELL=CMD" "COMPILER=arm-none-eabi-gcc" "ARCHIVER=arm-none-eabi-ar" "COMPILER_FLAGS=  -O2 -c" "EXTRA_COMPILER_FLAGS=-mcpu=cortex-a9 -mfpu=vfpv3 -mfloat-abi=hard -nostartfiles -g -Wall -Wextra"
"Running Make include in ps7_cortexa9_0/libsrc/scugic_v3_9/src"
make -C ps7_cortexa9_0/libsrc/scugic_v3_9/src -s include  "SHELL=CMD" "COMPILER=arm-none-eabi-gcc" "ARCHIVER=arm-none-eabi-ar" "COMPILER_FLAGS=  -O2 -c" "EXTRA_COMPILER_FLAGS=-mcpu=cortex-a9 -mfpu=vfpv3 -mfloat-abi=hard -nostartfiles -g -Wall -Wextra"
"Running Make include in ps7_cortexa9_0/libsrc/scutimer_v2_1/src"
make -C ps7_cortexa9_0/libsrc/scutimer_v2_1/src -s include  "SHELL=CMD" "COMPILER=arm-none-eabi-gcc" "ARCHIVER=arm-none-eabi-ar" "COMPILER_FLAGS=  -O2 -c" "EXTRA_COMPILER_FLAGS=-mcpu=cortex-a9 -mfpu=vfpv3 -mfloat-abi=hard -nostartfiles -g -Wall -Wextra"
"Running Make include in ps7_cortexa9_0/libsrc/scuwdt_v2_1/src"
make -C ps7_cortexa9_0/libsrc/scuwdt_v2_1/src -s include  "SHELL=CMD" "COMPILER=arm-none-eabi-gcc" "ARCHIVER=arm-none-eabi-ar" "COMPILER_FLAGS=  -O2 -c" "EXTRA_COMPILER_FLAGS=-mcpu=cortex-a9 -mfpu=vfpv3 -mfloat-abi=hard -nostartfiles -g -Wall -Wextra"
"Running Make include in ps7_cortexa9_0/libsrc/sdps_v3_5/src"
make -C ps7_cortexa9_0/libsrc/sdps_v3_5/src -s include  "SHELL=CMD" "COMPILER=arm-none-eabi-gcc" "ARCHIVER=arm-none-eabi-ar" "COMPILER_FLAGS=  -O2 -c" "EXTRA_COMPILER_FLAGS=-mcpu=cortex-a9 -mfpu=vfpv3 -mfloat-abi=hard -nostartfiles -g -Wall -Wextra"
"Running Make include in ps7_cortexa9_0/libsrc/spips_v3_1/src"
make -C ps7_cortexa9_0/libsrc/spips_v3_1/src -s include  "SHELL=CMD" "COMPILER=arm-none-eabi-gcc" "ARCHIVER=arm-none-eabi-ar" "COMPILER_FLAGS=  -O2 -c" "EXTRA_COMPILER_FLAGS=-mcpu=cortex-a9 -mfpu=vfpv3 -mfloat-abi=hard -nostartfiles -g -Wall -Wextra"
"Running Make include in ps7_cortexa9_0/libsrc/standalone_v6_7/src"
make -C ps7_cortexa9_0/libsrc/standalone_v6_7/src -s include  "SHELL=CMD" "COMPILER=arm-none-eabi-gcc" "ARCHIVER=arm-none-eabi-ar" "COMPILER_FLAGS=  -O2 -c" "EXTRA_COMPILER_FLAGS=-mcpu=cortex-a9 -mfpu=vfpv3 -mfloat-abi=hard -nostartfiles -g -Wall -Wextra"
"Running Make include in ps7_cortexa9_0/libsrc/uartps_v3_6/src"
make -C ps7_cortexa9_0/libsrc/uartps_v3_6/src -s include  "SHELL=CMD" "COMPILER=arm-none-eabi-gcc" "ARCHIVER=arm-none-eabi-ar" "COMPILER_FLAGS=  -O2 -c" "EXTRA_COMPILER_FLAGS=-mcpu=cortex-a9 -mfpu=vfpv3 -mfloat-abi=hard -nostartfiles -g -Wall -Wextra"
"Running Make include in ps7_cortexa9_0/libsrc/usbps_v2_4/src"
make -C ps7_cortexa9_0/libsrc/usbps_v2_4/src -s include  "SHELL=CMD" "COMPILER=arm-none-eabi-gcc" "ARCHIVER=arm-none-eabi-ar" "COMPILER_FLAGS=  -O2 -c" "EXTRA_COMPILER_FLAGS=-mcpu=cortex-a9 -mfpu=vfpv3 -mfloat-abi=hard -nostartfiles -g -Wall -Wextra"
"Running Make include in ps7_cortexa9_0/libsrc/xadcps_v2_2/src"
make -C ps7_cortexa9_0/libsrc/xadcps_v2_2/src -s include  "SHELL=CMD" "COMPILER=arm-none-eabi-gcc" "ARCHIVER=arm-none-eabi-ar" "COMPILER_FLAGS=  -O2 -c" "EXTRA_COMPILER_FLAGS=-mcpu=cortex-a9 -mfpu=vfpv3 -mfloat-abi=hard -nostartfiles -g -Wall -Wextra"
"Running Make libs in ps7_cortexa9_0/libsrc/coresightps_dcc_v1_4/src"
make -C ps7_cortexa9_0/libsrc/coresightps_dcc_v1_4/src -s libs  "SHELL=CMD" "COMPILER=arm-none-eabi-gcc" "ARCHIVER=arm-none-eabi-ar" "COMPILER_FLAGS=  -O2 -c" "EXTRA_COMPILER_FLAGS=-mcpu=cortex-a9 -mfpu=vfpv3 -mfloat-abi=hard -nostartfiles -g -Wall -Wextra"
"Compiling coresightps_dcc"
arm-none-eabi-ar: creating ../../../lib/libxil.a
"Running Make libs in ps7_cortexa9_0/libsrc/cpu_cortexa9_v2_6/src"
make -C ps7_cortexa9_0/libsrc/cpu_cortexa9_v2_6/src -s libs  "SHELL=CMD" "COMPILER=arm-none-eabi-gcc" "ARCHIVER=arm-none-eabi-ar" "COMPILER_FLAGS=  -O2 -c" "EXTRA_COMPILER_FLAGS=-mcpu=cortex-a9 -mfpu=vfpv3 -mfloat-abi=hard -nostartfiles -g -Wall -Wextra"
"Compiling cpu_cortexa9"
"Running Make libs in ps7_cortexa9_0/libsrc/ddrps_v1_0/src"
make -C ps7_cortexa9_0/libsrc/ddrps_v1_0/src -s libs  "SHELL=CMD" "COMPILER=arm-none-eabi-gcc" "ARCHIVER=arm-none-eabi-ar" "COMPILER_FLAGS=  -O2 -c" "EXTRA_COMPILER_FLAGS=-mcpu=cortex-a9 -mfpu=vfpv3 -mfloat-abi=hard -nostartfiles -g -Wall -Wextra"
"Compiling ddrps"
"Running Make libs in ps7_cortexa9_0/libsrc/devcfg_v3_5/src"
make -C ps7_cortexa9_0/libsrc/devcfg_v3_5/src -s libs  "SHELL=CMD" "COMPILER=arm-none-eabi-gcc" "ARCHIVER=arm-none-eabi-ar" "COMPILER_FLAGS=  -O2 -c" "EXTRA_COMPILER_FLAGS=-mcpu=cortex-a9 -mfpu=vfpv3 -mfloat-abi=hard -nostartfiles -g -Wall -Wextra"
"Compiling devcfg"
"Running Make libs in ps7_cortexa9_0/libsrc/dmaps_v2_3/src"
make -C ps7_cortexa9_0/libsrc/dmaps_v2_3/src -s libs  "SHELL=CMD" "COMPILER=arm-none-eabi-gcc" "ARCHIVER=arm-none-eabi-ar" "COMPILER_FLAGS=  -O2 -c" "EXTRA_COMPILER_FLAGS=-mcpu=cortex-a9 -mfpu=vfpv3 -mfloat-abi=hard -nostartfiles -g -Wall -Wextra"
"Compiling dmaps"
"Running Make libs in ps7_cortexa9_0/libsrc/gpiops_v3_3/src"
make -C ps7_cortexa9_0/libsrc/gpiops_v3_3/src -s libs  "SHELL=CMD" "COMPILER=arm-none-eabi-gcc" "ARCHIVER=arm-none-eabi-ar" "COMPILER_FLAGS=  -O2 -c" "EXTRA_COMPILER_FLAGS=-mcpu=cortex-a9 -mfpu=vfpv3 -mfloat-abi=hard -nostartfiles -g -Wall -Wextra"
"Compiling gpiops"
"Running Make libs in ps7_cortexa9_0/libsrc/myLED_v1_0/src"
make -C ps7_cortexa9_0/libsrc/myLED_v1_0/src -s libs  "SHELL=CMD" "COMPILER=arm-none-eabi-gcc" "ARCHIVER=arm-none-eabi-ar" "COMPILER_FLAGS=  -O2 -c" "EXTRA_COMPILER_FLAGS=-mcpu=cortex-a9 -mfpu=vfpv3 -mfloat-abi=hard -nostartfiles -g -Wall -Wextra"
"Compiling myLED..."
myLED_selftest.c: In function 'MYLED_Reg_SelfTest':
myLED_selftest.c:52:54: warning: comparison between signed and unsigned integer expressions [-Wsign-compare]
    if ( MYLED_mReadReg (baseaddr, read_loop_index*4) != (read_loop_index+1)*READ_WRITE_MUL_FACTOR){
                                                      ^~
myLED_selftest.c:36:6: warning: unused variable 'Index' [-Wunused-variable]
  int Index;
      ^~~~~
"Running Make libs in ps7_cortexa9_0/libsrc/qspips_v3_4/src"
make -C ps7_cortexa9_0/libsrc/qspips_v3_4/src -s libs  "SHELL=CMD" "COMPILER=arm-none-eabi-gcc" "ARCHIVER=arm-none-eabi-ar" "COMPILER_FLAGS=  -O2 -c" "EXTRA_COMPILER_FLAGS=-mcpu=cortex-a9 -mfpu=vfpv3 -mfloat-abi=hard -nostartfiles -g -Wall -Wextra"
"Compiling qspips"
"Running Make libs in ps7_cortexa9_0/libsrc/scugic_v3_9/src"
make -C ps7_cortexa9_0/libsrc/scugic_v3_9/src -s libs  "SHELL=CMD" "COMPILER=arm-none-eabi-gcc" "ARCHIVER=arm-none-eabi-ar" "COMPILER_FLAGS=  -O2 -c" "EXTRA_COMPILER_FLAGS=-mcpu=cortex-a9 -mfpu=vfpv3 -mfloat-abi=hard -nostartfiles -g -Wall -Wextra"
"Compiling scugic"
"Running Make libs in ps7_cortexa9_0/libsrc/scutimer_v2_1/src"
make -C ps7_cortexa9_0/libsrc/scutimer_v2_1/src -s libs  "SHELL=CMD" "COMPILER=arm-none-eabi-gcc" "ARCHIVER=arm-none-eabi-ar" "COMPILER_FLAGS=  -O2 -c" "EXTRA_COMPILER_FLAGS=-mcpu=cortex-a9 -mfpu=vfpv3 -mfloat-abi=hard -nostartfiles -g -Wall -Wextra"
"Compiling scutimer"
"Running Make libs in ps7_cortexa9_0/libsrc/scuwdt_v2_1/src"
make -C ps7_cortexa9_0/libsrc/scuwdt_v2_1/src -s libs  "SHELL=CMD" "COMPILER=arm-none-eabi-gcc" "ARCHIVER=arm-none-eabi-ar" "COMPILER_FLAGS=  -O2 -c" "EXTRA_COMPILER_FLAGS=-mcpu=cortex-a9 -mfpu=vfpv3 -mfloat-abi=hard -nostartfiles -g -Wall -Wextra"
"Compiling scuwdt"
"Running Make libs in ps7_cortexa9_0/libsrc/sdps_v3_5/src"
make -C ps7_cortexa9_0/libsrc/sdps_v3_5/src -s libs  "SHELL=CMD" "COMPILER=arm-none-eabi-gcc" "ARCHIVER=arm-none-eabi-ar" "COMPILER_FLAGS=  -O2 -c" "EXTRA_COMPILER_FLAGS=-mcpu=cortex-a9 -mfpu=vfpv3 -mfloat-abi=hard -nostartfiles -g -Wall -Wextra"
"Compiling sdps"
"Running Make libs in ps7_cortexa9_0/libsrc/spips_v3_1/src"
make -C ps7_cortexa9_0/libsrc/spips_v3_1/src -s libs  "SHELL=CMD" "COMPILER=arm-none-eabi-gcc" "ARCHIVER=arm-none-eabi-ar" "COMPILER_FLAGS=  -O2 -c" "EXTRA_COMPILER_FLAGS=-mcpu=cortex-a9 -mfpu=vfpv3 -mfloat-abi=hard -nostartfiles -g -Wall -Wextra"
"Compiling spips"
"Running Make libs in ps7_cortexa9_0/libsrc/standalone_v6_7/src"
make -C ps7_cortexa9_0/libsrc/standalone_v6_7/src -s libs  "SHELL=CMD" "COMPILER=arm-none-eabi-gcc" "ARCHIVER=arm-none-eabi-ar" "COMPILER_FLAGS=  -O2 -c" "EXTRA_COMPILER_FLAGS=-mcpu=cortex-a9 -mfpu=vfpv3 -mfloat-abi=hard -nostartfiles -g -Wall -Wextra"
"Compiling standalone"
In file included from sleep.c:57:0:
xtime_l.h:89:9: note: #pragma message: For the sleep routines, Global timer is being used
 #pragma message ("For the sleep routines, Global timer is being used")
         ^~~~~~~
In file included from usleep.c:60:0:
xtime_l.h:89:9: note: #pragma message: For the sleep routines, Global timer is being used
 #pragma message ("For the sleep routines, Global timer is being used")
         ^~~~~~~
In file included from xil_sleeptimer.c:55:0:
xtime_l.h:89:9: note: #pragma message: For the sleep routines, Global timer is being used
 #pragma message ("For the sleep routines, Global timer is being used")
         ^~~~~~~
In file included from xtime_l.c:53:0:
xtime_l.h:89:9: note: #pragma message: For the sleep routines, Global timer is being used
 #pragma message ("For the sleep routines, Global timer is being used")
         ^~~~~~~
"Running Make libs in ps7_cortexa9_0/libsrc/uartps_v3_6/src"
make -C ps7_cortexa9_0/libsrc/uartps_v3_6/src -s libs  "SHELL=CMD" "COMPILER=arm-none-eabi-gcc" "ARCHIVER=arm-none-eabi-ar" "COMPILER_FLAGS=  -O2 -c" "EXTRA_COMPILER_FLAGS=-mcpu=cortex-a9 -mfpu=vfpv3 -mfloat-abi=hard -nostartfiles -g -Wall -Wextra"
"Compiling uartps"
"Running Make libs in ps7_cortexa9_0/libsrc/usbps_v2_4/src"
make -C ps7_cortexa9_0/libsrc/usbps_v2_4/src -s libs  "SHELL=CMD" "COMPILER=arm-none-eabi-gcc" "ARCHIVER=arm-none-eabi-ar" "COMPILER_FLAGS=  -O2 -c" "EXTRA_COMPILER_FLAGS=-mcpu=cortex-a9 -mfpu=vfpv3 -mfloat-abi=hard -nostartfiles -g -Wall -Wextra"
"Compiling usbps"
"Running Make libs in ps7_cortexa9_0/libsrc/xadcps_v2_2/src"
make -C ps7_cortexa9_0/libsrc/xadcps_v2_2/src -s libs  "SHELL=CMD" "COMPILER=arm-none-eabi-gcc" "ARCHIVER=arm-none-eabi-ar" "COMPILER_FLAGS=  -O2 -c" "EXTRA_COMPILER_FLAGS=-mcpu=cortex-a9 -mfpu=vfpv3 -mfloat-abi=hard -nostartfiles -g -Wall -Wextra"
"Compiling xadcps"
'Finished building libraries'

**** Build of configuration Debug for project Module_2_LED_Controller ****

Nothing to build for project Module_2_LED_Controller
17:33:17 **** Auto Build of configuration Debug for project Module_2_LED_Controller ****
make pre-build main-build 
a9-linaro-pre-build-step
' '
'Building file: ../src/main.c'
'Invoking: ARM v7 gcc compiler'
arm-none-eabi-gcc -Wall -O0 -g3 -c -fmessage-length=0 -MT"src/main.o" -mcpu=cortex-a9 -mfpu=vfpv3 -mfloat-abi=hard -I../../Module_2_LED_Controller_bsp/ps7_cortexa9_0/include -MMD -MP -MF"src/main.d" -MT"src/main.o" -o "src/main.o" "../src/main.c"
'Finished building: ../src/main.c'
' '
'Building target: Module_2_LED_Controller.elf'
'Invoking: ARM v7 gcc linker'
arm-none-eabi-gcc -mcpu=cortex-a9 -mfpu=vfpv3 -mfloat-abi=hard -Wl,-build-id=none -specs=Xilinx.spec -Wl,-T -Wl,../src/lscript.ld -L../../Module_2_LED_Controller_bsp/ps7_cortexa9_0/lib -o "Module_2_LED_Controller.elf"  ./src/main.o   -Wl,--start-group,-lxil,-lgcc,-lc,--end-group
../../Module_2_LED_Controller_bsp/ps7_cortexa9_0/lib\libxil.a(xil-crt0.o): In function `_start':
C:\Users\Sergaljerk\WSU-CPTE\EE324\Module_2\Module_2.sdk\Module_2_LED_Controller_bsp\ps7_cortexa9_0\libsrc\standalone_v6_7\src/xil-crt0.S:142: undefined reference to `main'
collect2.exe: error: ld returned 1 exit status
make: *** [Module_2_LED_Controller.elf] Error 1
17:33:45 **** Auto Build of configuration Debug for project Module_2_LED_Controller ****
make pre-build main-build 
a9-linaro-pre-build-step
' '
'Building file: ../src/main.c'
'Invoking: ARM v7 gcc compiler'
arm-none-eabi-gcc -Wall -O0 -g3 -c -fmessage-length=0 -MT"src/main.o" -mcpu=cortex-a9 -mfpu=vfpv3 -mfloat-abi=hard -I../../Module_2_LED_Controller_bsp/ps7_cortexa9_0/include -MMD -MP -MF"src/main.d" -MT"src/main.o" -o "src/main.o" "../src/main.c"
'Finished building: ../src/main.c'
' '
'Building target: Module_2_LED_Controller.elf'
'Invoking: ARM v7 gcc linker'
arm-none-eabi-gcc -mcpu=cortex-a9 -mfpu=vfpv3 -mfloat-abi=hard -Wl,-build-id=none -specs=Xilinx.spec -Wl,-T -Wl,../src/lscript.ld -L../../Module_2_LED_Controller_bsp/ps7_cortexa9_0/lib -o "Module_2_LED_Controller.elf"  ./src/main.o   -Wl,--start-group,-lxil,-lgcc,-lc,--end-group
'Finished building target: Module_2_LED_Controller.elf'
' '
'Invoking: ARM v7 Print Size'
arm-none-eabi-size Module_2_LED_Controller.elf  |tee "Module_2_LED_Controller.elf.size"
   text	   data	    bss	    dec	    hex	filename
  19100	   1144	  22568	  42812	   a73c	Module_2_LED_Controller.elf
'Finished building: Module_2_LED_Controller.elf.size'
' '
17:34:22 **** Incremental Build of configuration Debug for project Module_2_LED_Controller ****
make pre-build main-build 
a9-linaro-pre-build-step
' '
make: Nothing to be done for `main-build'.
17:34:23 **** Auto Build of configuration Debug for project Module_2_LED_Controller ****
make pre-build main-build 
a9-linaro-pre-build-step
' '
make: Nothing to be done for `main-build'.
17:39:07 **** Auto Build of configuration Debug for project Module_2_LED_Controller ****
make pre-build main-build 
a9-linaro-pre-build-step
' '
'Building file: ../src/main.c'
'Invoking: ARM v7 gcc compiler'
arm-none-eabi-gcc -Wall -O0 -g3 -c -fmessage-length=0 -MT"src/main.o" -mcpu=cortex-a9 -mfpu=vfpv3 -mfloat-abi=hard -I../../Module_2_LED_Controller_bsp/ps7_cortexa9_0/include -MMD -MP -MF"src/main.d" -MT"src/main.o" -o "src/main.o" "../src/main.c"
'Finished building: ../src/main.c'
' '
'Building target: Module_2_LED_Controller.elf'
'Invoking: ARM v7 gcc linker'
arm-none-eabi-gcc -mcpu=cortex-a9 -mfpu=vfpv3 -mfloat-abi=hard -Wl,-build-id=none -specs=Xilinx.spec -Wl,-T -Wl,../src/lscript.ld -L../../Module_2_LED_Controller_bsp/ps7_cortexa9_0/lib -o "Module_2_LED_Controller.elf"  ./src/main.o   -Wl,--start-group,-lxil,-lgcc,-lc,--end-group
'Finished building target: Module_2_LED_Controller.elf'
' '
'Invoking: ARM v7 Print Size'
arm-none-eabi-size Module_2_LED_Controller.elf  |tee "Module_2_LED_Controller.elf.size"
   text	   data	    bss	    dec	    hex	filename
  19100	   1144	  22568	  42812	   a73c	Module_2_LED_Controller.elf
'Finished building: Module_2_LED_Controller.elf.size'
' '
17:39:10 **** Incremental Build of configuration Debug for project Module_2_LED_Controller ****
make pre-build main-build 
a9-linaro-pre-build-step
' '
make: Nothing to be done for `main-build'.
17:44:22 **** Auto Build of configuration Debug for project Module_2_LED_Controller ****
make pre-build main-build 
a9-linaro-pre-build-step
' '
'Building file: ../src/main.c'
'Invoking: ARM v7 gcc compiler'
arm-none-eabi-gcc -Wall -O0 -g3 -c -fmessage-length=0 -MT"src/main.o" -mcpu=cortex-a9 -mfpu=vfpv3 -mfloat-abi=hard -I../../Module_2_LED_Controller_bsp/ps7_cortexa9_0/include -MMD -MP -MF"src/main.d" -MT"src/main.o" -o "src/main.o" "../src/main.c"
'Finished building: ../src/main.c'
' '
'Building target: Module_2_LED_Controller.elf'
'Invoking: ARM v7 gcc linker'
arm-none-eabi-gcc -mcpu=cortex-a9 -mfpu=vfpv3 -mfloat-abi=hard -Wl,-build-id=none -specs=Xilinx.spec -Wl,-T -Wl,../src/lscript.ld -L../../Module_2_LED_Controller_bsp/ps7_cortexa9_0/lib -o "Module_2_LED_Controller.elf"  ./src/main.o   -Wl,--start-group,-lxil,-lgcc,-lc,--end-group
'Finished building target: Module_2_LED_Controller.elf'
' '
'Invoking: ARM v7 Print Size'
arm-none-eabi-size Module_2_LED_Controller.elf  |tee "Module_2_LED_Controller.elf.size"
   text	   data	    bss	    dec	    hex	filename
  19120	   1144	  22568	  42832	   a750	Module_2_LED_Controller.elf
'Finished building: Module_2_LED_Controller.elf.size'
' '
17:44:24 **** Incremental Build of configuration Debug for project Module_2_LED_Controller ****
make pre-build main-build 
a9-linaro-pre-build-step
' '
make: Nothing to be done for `main-build'.
17:44:59 **** Auto Build of configuration Debug for project Module_2_LED_Controller ****
make pre-build main-build 
a9-linaro-pre-build-step
' '
'Building file: ../src/main.c'
'Invoking: ARM v7 gcc compiler'
arm-none-eabi-gcc -Wall -O0 -g3 -c -fmessage-length=0 -MT"src/main.o" -mcpu=cortex-a9 -mfpu=vfpv3 -mfloat-abi=hard -I../../Module_2_LED_Controller_bsp/ps7_cortexa9_0/include -MMD -MP -MF"src/main.d" -MT"src/main.o" -o "src/main.o" "../src/main.c"
'Finished building: ../src/main.c'
' '
'Building target: Module_2_LED_Controller.elf'
'Invoking: ARM v7 gcc linker'
arm-none-eabi-gcc -mcpu=cortex-a9 -mfpu=vfpv3 -mfloat-abi=hard -Wl,-build-id=none -specs=Xilinx.spec -Wl,-T -Wl,../src/lscript.ld -L../../Module_2_LED_Controller_bsp/ps7_cortexa9_0/lib -o "Module_2_LED_Controller.elf"  ./src/main.o   -Wl,--start-group,-lxil,-lgcc,-lc,--end-group
'Finished building target: Module_2_LED_Controller.elf'
' '
'Invoking: ARM v7 Print Size'
arm-none-eabi-size Module_2_LED_Controller.elf  |tee "Module_2_LED_Controller.elf.size"
   text	   data	    bss	    dec	    hex	filename
  19120	   1144	  22568	  42832	   a750	Module_2_LED_Controller.elf
'Finished building: Module_2_LED_Controller.elf.size'
' '
17:45:20 **** Auto Build of configuration Debug for project Module_2_LED_Controller ****
make pre-build main-build 
a9-linaro-pre-build-step
' '
'Building file: ../src/main.c'
'Invoking: ARM v7 gcc compiler'
arm-none-eabi-gcc -Wall -O0 -g3 -c -fmessage-length=0 -MT"src/main.o" -mcpu=cortex-a9 -mfpu=vfpv3 -mfloat-abi=hard -I../../Module_2_LED_Controller_bsp/ps7_cortexa9_0/include -MMD -MP -MF"src/main.d" -MT"src/main.o" -o "src/main.o" "../src/main.c"
'Finished building: ../src/main.c'
' '
'Building target: Module_2_LED_Controller.elf'
'Invoking: ARM v7 gcc linker'
arm-none-eabi-gcc -mcpu=cortex-a9 -mfpu=vfpv3 -mfloat-abi=hard -Wl,-build-id=none -specs=Xilinx.spec -Wl,-T -Wl,../src/lscript.ld -L../../Module_2_LED_Controller_bsp/ps7_cortexa9_0/lib -o "Module_2_LED_Controller.elf"  ./src/main.o   -Wl,--start-group,-lxil,-lgcc,-lc,--end-group
'Finished building target: Module_2_LED_Controller.elf'
' '
'Invoking: ARM v7 Print Size'
arm-none-eabi-size Module_2_LED_Controller.elf  |tee "Module_2_LED_Controller.elf.size"
   text	   data	    bss	    dec	    hex	filename
  19132	   1144	  22568	  42844	   a75c	Module_2_LED_Controller.elf
'Finished building: Module_2_LED_Controller.elf.size'
' '
17:45:25 **** Incremental Build of configuration Debug for project Module_2_LED_Controller ****
make pre-build main-build 
a9-linaro-pre-build-step
' '
make: Nothing to be done for `main-build'.
17:45:56 **** Auto Build of configuration Debug for project Module_2_LED_Controller ****
make pre-build main-build 
a9-linaro-pre-build-step
' '
'Building file: ../src/main.c'
'Invoking: ARM v7 gcc compiler'
arm-none-eabi-gcc -Wall -O0 -g3 -c -fmessage-length=0 -MT"src/main.o" -mcpu=cortex-a9 -mfpu=vfpv3 -mfloat-abi=hard -I../../Module_2_LED_Controller_bsp/ps7_cortexa9_0/include -MMD -MP -MF"src/main.d" -MT"src/main.o" -o "src/main.o" "../src/main.c"
'Finished building: ../src/main.c'
' '
'Building target: Module_2_LED_Controller.elf'
'Invoking: ARM v7 gcc linker'
arm-none-eabi-gcc -mcpu=cortex-a9 -mfpu=vfpv3 -mfloat-abi=hard -Wl,-build-id=none -specs=Xilinx.spec -Wl,-T -Wl,../src/lscript.ld -L../../Module_2_LED_Controller_bsp/ps7_cortexa9_0/lib -o "Module_2_LED_Controller.elf"  ./src/main.o   -Wl,--start-group,-lxil,-lgcc,-lc,--end-group
'Finished building target: Module_2_LED_Controller.elf'
' '
'Invoking: ARM v7 Print Size'
arm-none-eabi-size Module_2_LED_Controller.elf  |tee "Module_2_LED_Controller.elf.size"
   text	   data	    bss	    dec	    hex	filename
  19132	   1144	  22568	  42844	   a75c	Module_2_LED_Controller.elf
'Finished building: Module_2_LED_Controller.elf.size'
' '
17:46:03 **** Incremental Build of configuration Debug for project Module_2_LED_Controller ****
make pre-build main-build 
a9-linaro-pre-build-step
' '
make: Nothing to be done for `main-build'.
17:46:52 **** Auto Build of configuration Debug for project Module_2_LED_Controller ****
make pre-build main-build 
a9-linaro-pre-build-step
' '
'Building file: ../src/main.c'
'Invoking: ARM v7 gcc compiler'
arm-none-eabi-gcc -Wall -O0 -g3 -c -fmessage-length=0 -MT"src/main.o" -mcpu=cortex-a9 -mfpu=vfpv3 -mfloat-abi=hard -I../../Module_2_LED_Controller_bsp/ps7_cortexa9_0/include -MMD -MP -MF"src/main.d" -MT"src/main.o" -o "src/main.o" "../src/main.c"
'Finished building: ../src/main.c'
' '
'Building target: Module_2_LED_Controller.elf'
'Invoking: ARM v7 gcc linker'
arm-none-eabi-gcc -mcpu=cortex-a9 -mfpu=vfpv3 -mfloat-abi=hard -Wl,-build-id=none -specs=Xilinx.spec -Wl,-T -Wl,../src/lscript.ld -L../../Module_2_LED_Controller_bsp/ps7_cortexa9_0/lib -o "Module_2_LED_Controller.elf"  ./src/main.o   -Wl,--start-group,-lxil,-lgcc,-lc,--end-group
'Finished building target: Module_2_LED_Controller.elf'
' '
'Invoking: ARM v7 Print Size'
arm-none-eabi-size Module_2_LED_Controller.elf  |tee "Module_2_LED_Controller.elf.size"
   text	   data	    bss	    dec	    hex	filename
  19144	   1144	  22568	  42856	   a768	Module_2_LED_Controller.elf
'Finished building: Module_2_LED_Controller.elf.size'
' '
17:47:31 **** Auto Build of configuration Debug for project Module_2_LED_Controller ****
make pre-build main-build 
a9-linaro-pre-build-step
' '
'Building file: ../src/main.c'
'Invoking: ARM v7 gcc compiler'
arm-none-eabi-gcc -Wall -O0 -g3 -c -fmessage-length=0 -MT"src/main.o" -mcpu=cortex-a9 -mfpu=vfpv3 -mfloat-abi=hard -I../../Module_2_LED_Controller_bsp/ps7_cortexa9_0/include -MMD -MP -MF"src/main.d" -MT"src/main.o" -o "src/main.o" "../src/main.c"
'Finished building: ../src/main.c'
' '
'Building target: Module_2_LED_Controller.elf'
'Invoking: ARM v7 gcc linker'
arm-none-eabi-gcc -mcpu=cortex-a9 -mfpu=vfpv3 -mfloat-abi=hard -Wl,-build-id=none -specs=Xilinx.spec -Wl,-T -Wl,../src/lscript.ld -L../../Module_2_LED_Controller_bsp/ps7_cortexa9_0/lib -o "Module_2_LED_Controller.elf"  ./src/main.o   -Wl,--start-group,-lxil,-lgcc,-lc,--end-group
'Finished building target: Module_2_LED_Controller.elf'
' '
'Invoking: ARM v7 Print Size'
arm-none-eabi-size Module_2_LED_Controller.elf  |tee "Module_2_LED_Controller.elf.size"
   text	   data	    bss	    dec	    hex	filename
  19144	   1144	  22568	  42856	   a768	Module_2_LED_Controller.elf
'Finished building: Module_2_LED_Controller.elf.size'
' '
17:47:34 **** Incremental Build of configuration Debug for project Module_2_LED_Controller ****
make pre-build main-build 
a9-linaro-pre-build-step
' '
make: Nothing to be done for `main-build'.
17:48:12 **** Auto Build of configuration Debug for project Module_2_LED_Controller ****
make pre-build main-build 
a9-linaro-pre-build-step
' '
'Building file: ../src/main.c'
'Invoking: ARM v7 gcc compiler'
arm-none-eabi-gcc -Wall -O0 -g3 -c -fmessage-length=0 -MT"src/main.o" -mcpu=cortex-a9 -mfpu=vfpv3 -mfloat-abi=hard -I../../Module_2_LED_Controller_bsp/ps7_cortexa9_0/include -MMD -MP -MF"src/main.d" -MT"src/main.o" -o "src/main.o" "../src/main.c"
../src/main.c: In function 'main':
../src/main.c:25:9: error: 'v_Count' undeclared (first use in this function)
      if(v_Count == 0x10)
         ^~~~~~~
../src/main.c:25:9: note: each undeclared identifier is reported only once for each function it appears in
make: *** [src/main.o] Error 1
17:48:23 **** Auto Build of configuration Debug for project Module_2_LED_Controller ****
make pre-build main-build 
a9-linaro-pre-build-step
' '
'Building file: ../src/main.c'
'Invoking: ARM v7 gcc compiler'
arm-none-eabi-gcc -Wall -O0 -g3 -c -fmessage-length=0 -MT"src/main.o" -mcpu=cortex-a9 -mfpu=vfpv3 -mfloat-abi=hard -I../../Module_2_LED_Controller_bsp/ps7_cortexa9_0/include -MMD -MP -MF"src/main.d" -MT"src/main.o" -o "src/main.o" "../src/main.c"
'Finished building: ../src/main.c'
' '
'Building target: Module_2_LED_Controller.elf'
'Invoking: ARM v7 gcc linker'
arm-none-eabi-gcc -mcpu=cortex-a9 -mfpu=vfpv3 -mfloat-abi=hard -Wl,-build-id=none -specs=Xilinx.spec -Wl,-T -Wl,../src/lscript.ld -L../../Module_2_LED_Controller_bsp/ps7_cortexa9_0/lib -o "Module_2_LED_Controller.elf"  ./src/main.o   -Wl,--start-group,-lxil,-lgcc,-lc,--end-group
'Finished building target: Module_2_LED_Controller.elf'
' '
'Invoking: ARM v7 Print Size'
arm-none-eabi-size Module_2_LED_Controller.elf  |tee "Module_2_LED_Controller.elf.size"
   text	   data	    bss	    dec	    hex	filename
  19104	   1144	  22568	  42816	   a740	Module_2_LED_Controller.elf
'Finished building: Module_2_LED_Controller.elf.size'
' '
17:48:27 **** Incremental Build of configuration Debug for project Module_2_LED_Controller ****
make pre-build main-build 
a9-linaro-pre-build-step
' '
make: Nothing to be done for `main-build'.
17:49:03 **** Auto Build of configuration Debug for project Module_2_LED_Controller ****
make pre-build main-build 
a9-linaro-pre-build-step
' '
'Building file: ../src/main.c'
'Invoking: ARM v7 gcc compiler'
arm-none-eabi-gcc -Wall -O0 -g3 -c -fmessage-length=0 -MT"src/main.o" -mcpu=cortex-a9 -mfpu=vfpv3 -mfloat-abi=hard -I../../Module_2_LED_Controller_bsp/ps7_cortexa9_0/include -MMD -MP -MF"src/main.d" -MT"src/main.o" -o "src/main.o" "../src/main.c"
'Finished building: ../src/main.c'
' '
'Building target: Module_2_LED_Controller.elf'
'Invoking: ARM v7 gcc linker'
arm-none-eabi-gcc -mcpu=cortex-a9 -mfpu=vfpv3 -mfloat-abi=hard -Wl,-build-id=none -specs=Xilinx.spec -Wl,-T -Wl,../src/lscript.ld -L../../Module_2_LED_Controller_bsp/ps7_cortexa9_0/lib -o "Module_2_LED_Controller.elf"  ./src/main.o   -Wl,--start-group,-lxil,-lgcc,-lc,--end-group
'Finished building target: Module_2_LED_Controller.elf'
' '
'Invoking: ARM v7 Print Size'
arm-none-eabi-size Module_2_LED_Controller.elf  |tee "Module_2_LED_Controller.elf.size"
   text	   data	    bss	    dec	    hex	filename
  19104	   1144	  22568	  42816	   a740	Module_2_LED_Controller.elf
'Finished building: Module_2_LED_Controller.elf.size'
' '
17:49:08 **** Auto Build of configuration Debug for project Module_2_LED_Controller ****
make pre-build main-build 
a9-linaro-pre-build-step
' '
'Building file: ../src/main.c'
'Invoking: ARM v7 gcc compiler'
arm-none-eabi-gcc -Wall -O0 -g3 -c -fmessage-length=0 -MT"src/main.o" -mcpu=cortex-a9 -mfpu=vfpv3 -mfloat-abi=hard -I../../Module_2_LED_Controller_bsp/ps7_cortexa9_0/include -MMD -MP -MF"src/main.d" -MT"src/main.o" -o "src/main.o" "../src/main.c"
'Finished building: ../src/main.c'
' '
'Building target: Module_2_LED_Controller.elf'
'Invoking: ARM v7 gcc linker'
arm-none-eabi-gcc -mcpu=cortex-a9 -mfpu=vfpv3 -mfloat-abi=hard -Wl,-build-id=none -specs=Xilinx.spec -Wl,-T -Wl,../src/lscript.ld -L../../Module_2_LED_Controller_bsp/ps7_cortexa9_0/lib -o "Module_2_LED_Controller.elf"  ./src/main.o   -Wl,--start-group,-lxil,-lgcc,-lc,--end-group
'Finished building target: Module_2_LED_Controller.elf'
' '
'Invoking: ARM v7 Print Size'
arm-none-eabi-size Module_2_LED_Controller.elf  |tee "Module_2_LED_Controller.elf.size"
   text	   data	    bss	    dec	    hex	filename
  19104	   1144	  22568	  42816	   a740	Module_2_LED_Controller.elf
'Finished building: Module_2_LED_Controller.elf.size'
' '
17:49:39 **** Incremental Build of configuration Debug for project Module_2_LED_Controller ****
make pre-build main-build 
a9-linaro-pre-build-step
' '
make: Nothing to be done for `main-build'.
17:50:21 **** Auto Build of configuration Debug for project Module_2_LED_Controller ****
make pre-build main-build 
a9-linaro-pre-build-step
' '
'Building file: ../src/main.c'
'Invoking: ARM v7 gcc compiler'
arm-none-eabi-gcc -Wall -O0 -g3 -c -fmessage-length=0 -MT"src/main.o" -mcpu=cortex-a9 -mfpu=vfpv3 -mfloat-abi=hard -I../../Module_2_LED_Controller_bsp/ps7_cortexa9_0/include -MMD -MP -MF"src/main.d" -MT"src/main.o" -o "src/main.o" "../src/main.c"
'Finished building: ../src/main.c'
' '
'Building target: Module_2_LED_Controller.elf'
'Invoking: ARM v7 gcc linker'
arm-none-eabi-gcc -mcpu=cortex-a9 -mfpu=vfpv3 -mfloat-abi=hard -Wl,-build-id=none -specs=Xilinx.spec -Wl,-T -Wl,../src/lscript.ld -L../../Module_2_LED_Controller_bsp/ps7_cortexa9_0/lib -o "Module_2_LED_Controller.elf"  ./src/main.o   -Wl,--start-group,-lxil,-lgcc,-lc,--end-group
'Finished building target: Module_2_LED_Controller.elf'
' '
'Invoking: ARM v7 Print Size'
arm-none-eabi-size Module_2_LED_Controller.elf  |tee "Module_2_LED_Controller.elf.size"
   text	   data	    bss	    dec	    hex	filename
  19100	   1144	  22568	  42812	   a73c	Module_2_LED_Controller.elf
'Finished building: Module_2_LED_Controller.elf.size'
' '
17:50:29 **** Incremental Build of configuration Debug for project Module_2_LED_Controller ****
make pre-build main-build 
a9-linaro-pre-build-step
' '
make: Nothing to be done for `main-build'.
17:53:36 **** Auto Build of configuration Debug for project Module_2_LED_Controller ****
make pre-build main-build 
a9-linaro-pre-build-step
' '
'Building file: ../src/main.c'
'Invoking: ARM v7 gcc compiler'
arm-none-eabi-gcc -Wall -O0 -g3 -c -fmessage-length=0 -MT"src/main.o" -mcpu=cortex-a9 -mfpu=vfpv3 -mfloat-abi=hard -I../../Module_2_LED_Controller_bsp/ps7_cortexa9_0/include -MMD -MP -MF"src/main.d" -MT"src/main.o" -o "src/main.o" "../src/main.c"
'Finished building: ../src/main.c'
' '
'Building target: Module_2_LED_Controller.elf'
'Invoking: ARM v7 gcc linker'
arm-none-eabi-gcc -mcpu=cortex-a9 -mfpu=vfpv3 -mfloat-abi=hard -Wl,-build-id=none -specs=Xilinx.spec -Wl,-T -Wl,../src/lscript.ld -L../../Module_2_LED_Controller_bsp/ps7_cortexa9_0/lib -o "Module_2_LED_Controller.elf"  ./src/main.o   -Wl,--start-group,-lxil,-lgcc,-lc,--end-group
'Finished building target: Module_2_LED_Controller.elf'
' '
'Invoking: ARM v7 Print Size'
arm-none-eabi-size Module_2_LED_Controller.elf  |tee "Module_2_LED_Controller.elf.size"
   text	   data	    bss	    dec	    hex	filename
  19112	   1144	  22568	  42824	   a748	Module_2_LED_Controller.elf
'Finished building: Module_2_LED_Controller.elf.size'
' '
17:53:47 **** Auto Build of configuration Debug for project Module_2_LED_Controller ****
make pre-build main-build 
a9-linaro-pre-build-step
' '
'Building file: ../src/main.c'
'Invoking: ARM v7 gcc compiler'
arm-none-eabi-gcc -Wall -O0 -g3 -c -fmessage-length=0 -MT"src/main.o" -mcpu=cortex-a9 -mfpu=vfpv3 -mfloat-abi=hard -I../../Module_2_LED_Controller_bsp/ps7_cortexa9_0/include -MMD -MP -MF"src/main.d" -MT"src/main.o" -o "src/main.o" "../src/main.c"
'Finished building: ../src/main.c'
' '
'Building target: Module_2_LED_Controller.elf'
'Invoking: ARM v7 gcc linker'
arm-none-eabi-gcc -mcpu=cortex-a9 -mfpu=vfpv3 -mfloat-abi=hard -Wl,-build-id=none -specs=Xilinx.spec -Wl,-T -Wl,../src/lscript.ld -L../../Module_2_LED_Controller_bsp/ps7_cortexa9_0/lib -o "Module_2_LED_Controller.elf"  ./src/main.o   -Wl,--start-group,-lxil,-lgcc,-lc,--end-group
'Finished building target: Module_2_LED_Controller.elf'
' '
'Invoking: ARM v7 Print Size'
arm-none-eabi-size Module_2_LED_Controller.elf  |tee "Module_2_LED_Controller.elf.size"
   text	   data	    bss	    dec	    hex	filename
  19112	   1144	  22568	  42824	   a748	Module_2_LED_Controller.elf
'Finished building: Module_2_LED_Controller.elf.size'
' '
17:53:50 **** Incremental Build of configuration Debug for project Module_2_LED_Controller ****
make pre-build main-build 
a9-linaro-pre-build-step
' '
make: Nothing to be done for `main-build'.
17:54:05 **** Auto Build of configuration Debug for project Module_2_LED_Controller ****
make pre-build main-build 
a9-linaro-pre-build-step
' '
'Building file: ../src/main.c'
'Invoking: ARM v7 gcc compiler'
arm-none-eabi-gcc -Wall -O0 -g3 -c -fmessage-length=0 -MT"src/main.o" -mcpu=cortex-a9 -mfpu=vfpv3 -mfloat-abi=hard -I../../Module_2_LED_Controller_bsp/ps7_cortexa9_0/include -MMD -MP -MF"src/main.d" -MT"src/main.o" -o "src/main.o" "../src/main.c"
'Finished building: ../src/main.c'
' '
'Building target: Module_2_LED_Controller.elf'
'Invoking: ARM v7 gcc linker'
arm-none-eabi-gcc -mcpu=cortex-a9 -mfpu=vfpv3 -mfloat-abi=hard -Wl,-build-id=none -specs=Xilinx.spec -Wl,-T -Wl,../src/lscript.ld -L../../Module_2_LED_Controller_bsp/ps7_cortexa9_0/lib -o "Module_2_LED_Controller.elf"  ./src/main.o   -Wl,--start-group,-lxil,-lgcc,-lc,--end-group
'Finished building target: Module_2_LED_Controller.elf'
' '
'Invoking: ARM v7 Print Size'
arm-none-eabi-size Module_2_LED_Controller.elf  |tee "Module_2_LED_Controller.elf.size"
   text	   data	    bss	    dec	    hex	filename
  19112	   1144	  22568	  42824	   a748	Module_2_LED_Controller.elf
'Finished building: Module_2_LED_Controller.elf.size'
' '
17:54:33 **** Auto Build of configuration Debug for project Module_2_LED_Controller ****
make pre-build main-build 
a9-linaro-pre-build-step
' '
'Building file: ../src/main.c'
'Invoking: ARM v7 gcc compiler'
arm-none-eabi-gcc -Wall -O0 -g3 -c -fmessage-length=0 -MT"src/main.o" -mcpu=cortex-a9 -mfpu=vfpv3 -mfloat-abi=hard -I../../Module_2_LED_Controller_bsp/ps7_cortexa9_0/include -MMD -MP -MF"src/main.d" -MT"src/main.o" -o "src/main.o" "../src/main.c"
'Finished building: ../src/main.c'
' '
'Building target: Module_2_LED_Controller.elf'
'Invoking: ARM v7 gcc linker'
arm-none-eabi-gcc -mcpu=cortex-a9 -mfpu=vfpv3 -mfloat-abi=hard -Wl,-build-id=none -specs=Xilinx.spec -Wl,-T -Wl,../src/lscript.ld -L../../Module_2_LED_Controller_bsp/ps7_cortexa9_0/lib -o "Module_2_LED_Controller.elf"  ./src/main.o   -Wl,--start-group,-lxil,-lgcc,-lc,--end-group
'Finished building target: Module_2_LED_Controller.elf'
' '
'Invoking: ARM v7 Print Size'
arm-none-eabi-size Module_2_LED_Controller.elf  |tee "Module_2_LED_Controller.elf.size"
   text	   data	    bss	    dec	    hex	filename
  19156	   1144	  22568	  42868	   a774	Module_2_LED_Controller.elf
'Finished building: Module_2_LED_Controller.elf.size'
' '
17:54:35 **** Incremental Build of configuration Debug for project Module_2_LED_Controller ****
make pre-build main-build 
a9-linaro-pre-build-step
' '
make: Nothing to be done for `main-build'.
17:55:33 **** Auto Build of configuration Debug for project Module_2_LED_Controller ****
make pre-build main-build 
a9-linaro-pre-build-step
' '
'Building file: ../src/main.c'
'Invoking: ARM v7 gcc compiler'
arm-none-eabi-gcc -Wall -O0 -g3 -c -fmessage-length=0 -MT"src/main.o" -mcpu=cortex-a9 -mfpu=vfpv3 -mfloat-abi=hard -I../../Module_2_LED_Controller_bsp/ps7_cortexa9_0/include -MMD -MP -MF"src/main.d" -MT"src/main.o" -o "src/main.o" "../src/main.c"
'Finished building: ../src/main.c'
' '
'Building target: Module_2_LED_Controller.elf'
'Invoking: ARM v7 gcc linker'
arm-none-eabi-gcc -mcpu=cortex-a9 -mfpu=vfpv3 -mfloat-abi=hard -Wl,-build-id=none -specs=Xilinx.spec -Wl,-T -Wl,../src/lscript.ld -L../../Module_2_LED_Controller_bsp/ps7_cortexa9_0/lib -o "Module_2_LED_Controller.elf"  ./src/main.o   -Wl,--start-group,-lxil,-lgcc,-lc,--end-group
'Finished building target: Module_2_LED_Controller.elf'
' '
'Invoking: ARM v7 Print Size'
arm-none-eabi-size Module_2_LED_Controller.elf  |tee "Module_2_LED_Controller.elf.size"
   text	   data	    bss	    dec	    hex	filename
  19112	   1144	  22568	  42824	   a748	Module_2_LED_Controller.elf
'Finished building: Module_2_LED_Controller.elf.size'
' '
17:55:43 **** Incremental Build of configuration Debug for project Module_2_LED_Controller ****
make pre-build main-build 
a9-linaro-pre-build-step
' '
make: Nothing to be done for `main-build'.
17:56:02 **** Auto Build of configuration Debug for project Module_2_LED_Controller ****
make pre-build main-build 
a9-linaro-pre-build-step
' '
'Building file: ../src/main.c'
'Invoking: ARM v7 gcc compiler'
arm-none-eabi-gcc -Wall -O0 -g3 -c -fmessage-length=0 -MT"src/main.o" -mcpu=cortex-a9 -mfpu=vfpv3 -mfloat-abi=hard -I../../Module_2_LED_Controller_bsp/ps7_cortexa9_0/include -MMD -MP -MF"src/main.d" -MT"src/main.o" -o "src/main.o" "../src/main.c"
'Finished building: ../src/main.c'
' '
'Building target: Module_2_LED_Controller.elf'
'Invoking: ARM v7 gcc linker'
arm-none-eabi-gcc -mcpu=cortex-a9 -mfpu=vfpv3 -mfloat-abi=hard -Wl,-build-id=none -specs=Xilinx.spec -Wl,-T -Wl,../src/lscript.ld -L../../Module_2_LED_Controller_bsp/ps7_cortexa9_0/lib -o "Module_2_LED_Controller.elf"  ./src/main.o   -Wl,--start-group,-lxil,-lgcc,-lc,--end-group
'Finished building target: Module_2_LED_Controller.elf'
' '
'Invoking: ARM v7 Print Size'
arm-none-eabi-size Module_2_LED_Controller.elf  |tee "Module_2_LED_Controller.elf.size"
   text	   data	    bss	    dec	    hex	filename
  19112	   1144	  22568	  42824	   a748	Module_2_LED_Controller.elf
'Finished building: Module_2_LED_Controller.elf.size'
' '
17:56:04 **** Incremental Build of configuration Debug for project Module_2_LED_Controller ****
make pre-build main-build 
a9-linaro-pre-build-step
' '
make: Nothing to be done for `main-build'.
17:56:21 **** Auto Build of configuration Debug for project Module_2_LED_Controller ****
make pre-build main-build 
a9-linaro-pre-build-step
' '
'Building file: ../src/main.c'
'Invoking: ARM v7 gcc compiler'
arm-none-eabi-gcc -Wall -O0 -g3 -c -fmessage-length=0 -MT"src/main.o" -mcpu=cortex-a9 -mfpu=vfpv3 -mfloat-abi=hard -I../../Module_2_LED_Controller_bsp/ps7_cortexa9_0/include -MMD -MP -MF"src/main.d" -MT"src/main.o" -o "src/main.o" "../src/main.c"
'Finished building: ../src/main.c'
' '
'Building target: Module_2_LED_Controller.elf'
'Invoking: ARM v7 gcc linker'
arm-none-eabi-gcc -mcpu=cortex-a9 -mfpu=vfpv3 -mfloat-abi=hard -Wl,-build-id=none -specs=Xilinx.spec -Wl,-T -Wl,../src/lscript.ld -L../../Module_2_LED_Controller_bsp/ps7_cortexa9_0/lib -o "Module_2_LED_Controller.elf"  ./src/main.o   -Wl,--start-group,-lxil,-lgcc,-lc,--end-group
'Finished building target: Module_2_LED_Controller.elf'
' '
'Invoking: ARM v7 Print Size'
arm-none-eabi-size Module_2_LED_Controller.elf  |tee "Module_2_LED_Controller.elf.size"
   text	   data	    bss	    dec	    hex	filename
  19112	   1144	  22568	  42824	   a748	Module_2_LED_Controller.elf
'Finished building: Module_2_LED_Controller.elf.size'
' '
17:56:23 **** Incremental Build of configuration Debug for project Module_2_LED_Controller ****
make pre-build main-build 
a9-linaro-pre-build-step
' '
make: Nothing to be done for `main-build'.
17:56:54 **** Auto Build of configuration Debug for project Module_2_LED_Controller ****
make pre-build main-build 
a9-linaro-pre-build-step
' '
'Building file: ../src/main.c'
'Invoking: ARM v7 gcc compiler'
arm-none-eabi-gcc -Wall -O0 -g3 -c -fmessage-length=0 -MT"src/main.o" -mcpu=cortex-a9 -mfpu=vfpv3 -mfloat-abi=hard -I../../Module_2_LED_Controller_bsp/ps7_cortexa9_0/include -MMD -MP -MF"src/main.d" -MT"src/main.o" -o "src/main.o" "../src/main.c"
'Finished building: ../src/main.c'
' '
'Building target: Module_2_LED_Controller.elf'
'Invoking: ARM v7 gcc linker'
arm-none-eabi-gcc -mcpu=cortex-a9 -mfpu=vfpv3 -mfloat-abi=hard -Wl,-build-id=none -specs=Xilinx.spec -Wl,-T -Wl,../src/lscript.ld -L../../Module_2_LED_Controller_bsp/ps7_cortexa9_0/lib -o "Module_2_LED_Controller.elf"  ./src/main.o   -Wl,--start-group,-lxil,-lgcc,-lc,--end-group
'Finished building target: Module_2_LED_Controller.elf'
' '
'Invoking: ARM v7 Print Size'
arm-none-eabi-size Module_2_LED_Controller.elf  |tee "Module_2_LED_Controller.elf.size"
   text	   data	    bss	    dec	    hex	filename
  19104	   1144	  22568	  42816	   a740	Module_2_LED_Controller.elf
'Finished building: Module_2_LED_Controller.elf.size'
' '
17:56:56 **** Incremental Build of configuration Debug for project Module_2_LED_Controller ****
make pre-build main-build 
a9-linaro-pre-build-step
' '
make: Nothing to be done for `main-build'.
17:57:25 **** Auto Build of configuration Debug for project Module_2_LED_Controller ****
make pre-build main-build 
a9-linaro-pre-build-step
' '
'Building file: ../src/main.c'
'Invoking: ARM v7 gcc compiler'
arm-none-eabi-gcc -Wall -O0 -g3 -c -fmessage-length=0 -MT"src/main.o" -mcpu=cortex-a9 -mfpu=vfpv3 -mfloat-abi=hard -I../../Module_2_LED_Controller_bsp/ps7_cortexa9_0/include -MMD -MP -MF"src/main.d" -MT"src/main.o" -o "src/main.o" "../src/main.c"
'Finished building: ../src/main.c'
' '
'Building target: Module_2_LED_Controller.elf'
'Invoking: ARM v7 gcc linker'
arm-none-eabi-gcc -mcpu=cortex-a9 -mfpu=vfpv3 -mfloat-abi=hard -Wl,-build-id=none -specs=Xilinx.spec -Wl,-T -Wl,../src/lscript.ld -L../../Module_2_LED_Controller_bsp/ps7_cortexa9_0/lib -o "Module_2_LED_Controller.elf"  ./src/main.o   -Wl,--start-group,-lxil,-lgcc,-lc,--end-group
'Finished building target: Module_2_LED_Controller.elf'
' '
'Invoking: ARM v7 Print Size'
arm-none-eabi-size Module_2_LED_Controller.elf  |tee "Module_2_LED_Controller.elf.size"
   text	   data	    bss	    dec	    hex	filename
  19104	   1144	  22568	  42816	   a740	Module_2_LED_Controller.elf
'Finished building: Module_2_LED_Controller.elf.size'
' '
17:57:43 **** Auto Build of configuration Debug for project Module_2_LED_Controller ****
make pre-build main-build 
a9-linaro-pre-build-step
' '
'Building file: ../src/main.c'
'Invoking: ARM v7 gcc compiler'
arm-none-eabi-gcc -Wall -O0 -g3 -c -fmessage-length=0 -MT"src/main.o" -mcpu=cortex-a9 -mfpu=vfpv3 -mfloat-abi=hard -I../../Module_2_LED_Controller_bsp/ps7_cortexa9_0/include -MMD -MP -MF"src/main.d" -MT"src/main.o" -o "src/main.o" "../src/main.c"
'Finished building: ../src/main.c'
' '
'Building target: Module_2_LED_Controller.elf'
'Invoking: ARM v7 gcc linker'
arm-none-eabi-gcc -mcpu=cortex-a9 -mfpu=vfpv3 -mfloat-abi=hard -Wl,-build-id=none -specs=Xilinx.spec -Wl,-T -Wl,../src/lscript.ld -L../../Module_2_LED_Controller_bsp/ps7_cortexa9_0/lib -o "Module_2_LED_Controller.elf"  ./src/main.o   -Wl,--start-group,-lxil,-lgcc,-lc,--end-group
'Finished building target: Module_2_LED_Controller.elf'
' '
'Invoking: ARM v7 Print Size'
arm-none-eabi-size Module_2_LED_Controller.elf  |tee "Module_2_LED_Controller.elf.size"
   text	   data	    bss	    dec	    hex	filename
  19112	   1144	  22568	  42824	   a748	Module_2_LED_Controller.elf
'Finished building: Module_2_LED_Controller.elf.size'
' '
17:57:44 **** Incremental Build of configuration Debug for project Module_2_LED_Controller ****
make pre-build main-build 
a9-linaro-pre-build-step
' '
make: Nothing to be done for `main-build'.
23:00:27 **** Auto Build of configuration Debug for project Module_2_LED_Controller ****
make pre-build main-build 
a9-linaro-pre-build-step
' '
'Building file: ../src/main.c'
'Invoking: ARM v7 gcc compiler'
arm-none-eabi-gcc -Wall -O0 -g3 -c -fmessage-length=0 -MT"src/main.o" -mcpu=cortex-a9 -mfpu=vfpv3 -mfloat-abi=hard -I../../Module_2_LED_Controller_bsp/ps7_cortexa9_0/include -MMD -MP -MF"src/main.d" -MT"src/main.o" -o "src/main.o" "../src/main.c"
'Finished building: ../src/main.c'
' '
'Building target: Module_2_LED_Controller.elf'
'Invoking: ARM v7 gcc linker'
arm-none-eabi-gcc -mcpu=cortex-a9 -mfpu=vfpv3 -mfloat-abi=hard -Wl,-build-id=none -specs=Xilinx.spec -Wl,-T -Wl,../src/lscript.ld -L../../Module_2_LED_Controller_bsp/ps7_cortexa9_0/lib -o "Module_2_LED_Controller.elf"  ./src/main.o   -Wl,--start-group,-lxil,-lgcc,-lc,--end-group
'Finished building target: Module_2_LED_Controller.elf'
' '
'Invoking: ARM v7 Print Size'
arm-none-eabi-size Module_2_LED_Controller.elf  |tee "Module_2_LED_Controller.elf.size"
   text	   data	    bss	    dec	    hex	filename
  19112	   1144	  22568	  42824	   a748	Module_2_LED_Controller.elf
'Finished building: Module_2_LED_Controller.elf.size'
' '
23:00:50 **** Incremental Build of configuration Debug for project Module_2_LED_Controller ****
make pre-build main-build 
a9-linaro-pre-build-step
' '
make: Nothing to be done for `main-build'.
23:01:23 **** Auto Build of configuration Debug for project Module_2_LED_Controller ****
make pre-build main-build 
a9-linaro-pre-build-step
' '
'Building file: ../src/main.c'
'Invoking: ARM v7 gcc compiler'
arm-none-eabi-gcc -Wall -O0 -g3 -c -fmessage-length=0 -MT"src/main.o" -mcpu=cortex-a9 -mfpu=vfpv3 -mfloat-abi=hard -I../../Module_2_LED_Controller_bsp/ps7_cortexa9_0/include -MMD -MP -MF"src/main.d" -MT"src/main.o" -o "src/main.o" "../src/main.c"
../src/main.c: In function 'main':
../src/main.c:17:9: warning: unused variable 'i' [-Wunused-variable]
     int i = 0;
         ^
'Finished building: ../src/main.c'
' '
'Building target: Module_2_LED_Controller.elf'
'Invoking: ARM v7 gcc linker'
arm-none-eabi-gcc -mcpu=cortex-a9 -mfpu=vfpv3 -mfloat-abi=hard -Wl,-build-id=none -specs=Xilinx.spec -Wl,-T -Wl,../src/lscript.ld -L../../Module_2_LED_Controller_bsp/ps7_cortexa9_0/lib -o "Module_2_LED_Controller.elf"  ./src/main.o   -Wl,--start-group,-lxil,-lgcc,-lc,--end-group
'Finished building target: Module_2_LED_Controller.elf'
' '
'Invoking: ARM v7 Print Size'
arm-none-eabi-size Module_2_LED_Controller.elf  |tee "Module_2_LED_Controller.elf.size"
   text	   data	    bss	    dec	    hex	filename
  19052	   1144	  22568	  42764	   a70c	Module_2_LED_Controller.elf
'Finished building: Module_2_LED_Controller.elf.size'
' '
23:01:29 **** Auto Build of configuration Debug for project Module_2_LED_Controller ****
make pre-build main-build 
a9-linaro-pre-build-step
' '
'Building file: ../src/main.c'
'Invoking: ARM v7 gcc compiler'
arm-none-eabi-gcc -Wall -O0 -g3 -c -fmessage-length=0 -MT"src/main.o" -mcpu=cortex-a9 -mfpu=vfpv3 -mfloat-abi=hard -I../../Module_2_LED_Controller_bsp/ps7_cortexa9_0/include -MMD -MP -MF"src/main.d" -MT"src/main.o" -o "src/main.o" "../src/main.c"
'Finished building: ../src/main.c'
' '
'Building target: Module_2_LED_Controller.elf'
'Invoking: ARM v7 gcc linker'
arm-none-eabi-gcc -mcpu=cortex-a9 -mfpu=vfpv3 -mfloat-abi=hard -Wl,-build-id=none -specs=Xilinx.spec -Wl,-T -Wl,../src/lscript.ld -L../../Module_2_LED_Controller_bsp/ps7_cortexa9_0/lib -o "Module_2_LED_Controller.elf"  ./src/main.o   -Wl,--start-group,-lxil,-lgcc,-lc,--end-group
'Finished building target: Module_2_LED_Controller.elf'
' '
'Invoking: ARM v7 Print Size'
arm-none-eabi-size Module_2_LED_Controller.elf  |tee "Module_2_LED_Controller.elf.size"
   text	   data	    bss	    dec	    hex	filename
  19044	   1144	  22568	  42756	   a704	Module_2_LED_Controller.elf
'Finished building: Module_2_LED_Controller.elf.size'
' '
23:01:31 **** Incremental Build of configuration Debug for project Module_2_LED_Controller ****
make pre-build main-build 
a9-linaro-pre-build-step
' '
make: Nothing to be done for `main-build'.
23:03:39 **** Auto Build of configuration Debug for project Module_2_LED_Controller ****
make pre-build main-build 
a9-linaro-pre-build-step
' '
'Building file: ../src/main.c'
'Invoking: ARM v7 gcc compiler'
arm-none-eabi-gcc -Wall -O0 -g3 -c -fmessage-length=0 -MT"src/main.o" -mcpu=cortex-a9 -mfpu=vfpv3 -mfloat-abi=hard -I../../Module_2_LED_Controller_bsp/ps7_cortexa9_0/include -MMD -MP -MF"src/main.d" -MT"src/main.o" -o "src/main.o" "../src/main.c"
../src/main.c: In function 'main':
../src/main.c:29:13: error: 'i' undeclared (first use in this function)
        for (i = 0; i < 10000000; i++)
             ^
../src/main.c:29:13: note: each undeclared identifier is reported only once for each function it appears in
make: *** [src/main.o] Error 1
23:03:45 **** Auto Build of configuration Debug for project Module_2_LED_Controller ****
make pre-build main-build 
a9-linaro-pre-build-step
' '
'Building file: ../src/main.c'
'Invoking: ARM v7 gcc compiler'
arm-none-eabi-gcc -Wall -O0 -g3 -c -fmessage-length=0 -MT"src/main.o" -mcpu=cortex-a9 -mfpu=vfpv3 -mfloat-abi=hard -I../../Module_2_LED_Controller_bsp/ps7_cortexa9_0/include -MMD -MP -MF"src/main.d" -MT"src/main.o" -o "src/main.o" "../src/main.c"
'Finished building: ../src/main.c'
' '
'Building target: Module_2_LED_Controller.elf'
'Invoking: ARM v7 gcc linker'
arm-none-eabi-gcc -mcpu=cortex-a9 -mfpu=vfpv3 -mfloat-abi=hard -Wl,-build-id=none -specs=Xilinx.spec -Wl,-T -Wl,../src/lscript.ld -L../../Module_2_LED_Controller_bsp/ps7_cortexa9_0/lib -o "Module_2_LED_Controller.elf"  ./src/main.o   -Wl,--start-group,-lxil,-lgcc,-lc,--end-group
'Finished building target: Module_2_LED_Controller.elf'
' '
'Invoking: ARM v7 Print Size'
arm-none-eabi-size Module_2_LED_Controller.elf  |tee "Module_2_LED_Controller.elf.size"
   text	   data	    bss	    dec	    hex	filename
  19104	   1144	  22568	  42816	   a740	Module_2_LED_Controller.elf
'Finished building: Module_2_LED_Controller.elf.size'
' '
23:03:50 **** Auto Build of configuration Debug for project Module_2_LED_Controller ****
make pre-build main-build 
a9-linaro-pre-build-step
' '
'Building file: ../src/main.c'
'Invoking: ARM v7 gcc compiler'
arm-none-eabi-gcc -Wall -O0 -g3 -c -fmessage-length=0 -MT"src/main.o" -mcpu=cortex-a9 -mfpu=vfpv3 -mfloat-abi=hard -I../../Module_2_LED_Controller_bsp/ps7_cortexa9_0/include -MMD -MP -MF"src/main.d" -MT"src/main.o" -o "src/main.o" "../src/main.c"
'Finished building: ../src/main.c'
' '
'Building target: Module_2_LED_Controller.elf'
'Invoking: ARM v7 gcc linker'
arm-none-eabi-gcc -mcpu=cortex-a9 -mfpu=vfpv3 -mfloat-abi=hard -Wl,-build-id=none -specs=Xilinx.spec -Wl,-T -Wl,../src/lscript.ld -L../../Module_2_LED_Controller_bsp/ps7_cortexa9_0/lib -o "Module_2_LED_Controller.elf"  ./src/main.o   -Wl,--start-group,-lxil,-lgcc,-lc,--end-group
'Finished building target: Module_2_LED_Controller.elf'
' '
'Invoking: ARM v7 Print Size'
arm-none-eabi-size Module_2_LED_Controller.elf  |tee "Module_2_LED_Controller.elf.size"
   text	   data	    bss	    dec	    hex	filename
  19104	   1144	  22568	  42816	   a740	Module_2_LED_Controller.elf
'Finished building: Module_2_LED_Controller.elf.size'
' '
23:03:53 **** Incremental Build of configuration Debug for project Module_2_LED_Controller ****
make pre-build main-build 
a9-linaro-pre-build-step
' '
make: Nothing to be done for `main-build'.
23:04:57 **** Incremental Build of configuration Debug for project Module_2_LED_Controller ****
make pre-build main-build 
a9-linaro-pre-build-step
' '
'Building file: ../src/main.c'
'Invoking: ARM v7 gcc compiler'
arm-none-eabi-gcc -Wall -O0 -g3 -c -fmessage-length=0 -MT"src/main.o" -mcpu=cortex-a9 -mfpu=vfpv3 -mfloat-abi=hard -I../../Module_2_LED_Controller_bsp/ps7_cortexa9_0/include -MMD -MP -MF"src/main.d" -MT"src/main.o" -o "src/main.o" "../src/main.c"
'Finished building: ../src/main.c'
' '
'Building target: Module_2_LED_Controller.elf'
'Invoking: ARM v7 gcc linker'
arm-none-eabi-gcc -mcpu=cortex-a9 -mfpu=vfpv3 -mfloat-abi=hard -Wl,-build-id=none -specs=Xilinx.spec -Wl,-T -Wl,../src/lscript.ld -L../../Module_2_LED_Controller_bsp/ps7_cortexa9_0/lib -o "Module_2_LED_Controller.elf"  ./src/main.o   -Wl,--start-group,-lxil,-lgcc,-lc,--end-group
'Finished building target: Module_2_LED_Controller.elf'
' '
'Invoking: ARM v7 Print Size'
arm-none-eabi-size Module_2_LED_Controller.elf  |tee "Module_2_LED_Controller.elf.size"
   text	   data	    bss	    dec	    hex	filename
  19120	   1144	  22568	  42832	   a750	Module_2_LED_Controller.elf
'Finished building: Module_2_LED_Controller.elf.size'
' '
23:05:18 **** Auto Build of configuration Debug for project Module_2_LED_Controller ****
make pre-build main-build 
a9-linaro-pre-build-step
' '
'Building file: ../src/main.c'
'Invoking: ARM v7 gcc compiler'
arm-none-eabi-gcc -Wall -O0 -g3 -c -fmessage-length=0 -MT"src/main.o" -mcpu=cortex-a9 -mfpu=vfpv3 -mfloat-abi=hard -I../../Module_2_LED_Controller_bsp/ps7_cortexa9_0/include -MMD -MP -MF"src/main.d" -MT"src/main.o" -o "src/main.o" "../src/main.c"
'Finished building: ../src/main.c'
' '
'Building target: Module_2_LED_Controller.elf'
'Invoking: ARM v7 gcc linker'
arm-none-eabi-gcc -mcpu=cortex-a9 -mfpu=vfpv3 -mfloat-abi=hard -Wl,-build-id=none -specs=Xilinx.spec -Wl,-T -Wl,../src/lscript.ld -L../../Module_2_LED_Controller_bsp/ps7_cortexa9_0/lib -o "Module_2_LED_Controller.elf"  ./src/main.o   -Wl,--start-group,-lxil,-lgcc,-lc,--end-group
'Finished building target: Module_2_LED_Controller.elf'
' '
'Invoking: ARM v7 Print Size'
arm-none-eabi-size Module_2_LED_Controller.elf  |tee "Module_2_LED_Controller.elf.size"
   text	   data	    bss	    dec	    hex	filename
  19108	   1144	  22568	  42820	   a744	Module_2_LED_Controller.elf
'Finished building: Module_2_LED_Controller.elf.size'
' '
23:05:21 **** Incremental Build of configuration Debug for project Module_2_LED_Controller ****
make pre-build main-build 
a9-linaro-pre-build-step
' '
make: Nothing to be done for `main-build'.
23:05:50 **** Auto Build of configuration Debug for project Module_2_LED_Controller ****
make pre-build main-build 
a9-linaro-pre-build-step
' '
'Building file: ../src/main.c'
'Invoking: ARM v7 gcc compiler'
arm-none-eabi-gcc -Wall -O0 -g3 -c -fmessage-length=0 -MT"src/main.o" -mcpu=cortex-a9 -mfpu=vfpv3 -mfloat-abi=hard -I../../Module_2_LED_Controller_bsp/ps7_cortexa9_0/include -MMD -MP -MF"src/main.d" -MT"src/main.o" -o "src/main.o" "../src/main.c"
'Finished building: ../src/main.c'
' '
'Building target: Module_2_LED_Controller.elf'
'Invoking: ARM v7 gcc linker'
arm-none-eabi-gcc -mcpu=cortex-a9 -mfpu=vfpv3 -mfloat-abi=hard -Wl,-build-id=none -specs=Xilinx.spec -Wl,-T -Wl,../src/lscript.ld -L../../Module_2_LED_Controller_bsp/ps7_cortexa9_0/lib -o "Module_2_LED_Controller.elf"  ./src/main.o   -Wl,--start-group,-lxil,-lgcc,-lc,--end-group
'Finished building target: Module_2_LED_Controller.elf'
' '
'Invoking: ARM v7 Print Size'
arm-none-eabi-size Module_2_LED_Controller.elf  |tee "Module_2_LED_Controller.elf.size"
   text	   data	    bss	    dec	    hex	filename
  19092	   1144	  22568	  42804	   a734	Module_2_LED_Controller.elf
'Finished building: Module_2_LED_Controller.elf.size'
' '
23:05:52 **** Incremental Build of configuration Debug for project Module_2_LED_Controller ****
make pre-build main-build 
a9-linaro-pre-build-step
' '
make: Nothing to be done for `main-build'.
23:06:40 **** Incremental Build of configuration Debug for project Module_2_LED_Controller ****
make pre-build main-build 
a9-linaro-pre-build-step
' '
make: Nothing to be done for `main-build'.
23:06:50 **** Auto Build of configuration Debug for project Module_2_LED_Controller ****
make pre-build main-build 
a9-linaro-pre-build-step
' '
'Building file: ../src/main.c'
'Invoking: ARM v7 gcc compiler'
arm-none-eabi-gcc -Wall -O0 -g3 -c -fmessage-length=0 -MT"src/main.o" -mcpu=cortex-a9 -mfpu=vfpv3 -mfloat-abi=hard -I../../Module_2_LED_Controller_bsp/ps7_cortexa9_0/include -MMD -MP -MF"src/main.d" -MT"src/main.o" -o "src/main.o" "../src/main.c"
'Finished building: ../src/main.c'
' '
'Building target: Module_2_LED_Controller.elf'
'Invoking: ARM v7 gcc linker'
arm-none-eabi-gcc -mcpu=cortex-a9 -mfpu=vfpv3 -mfloat-abi=hard -Wl,-build-id=none -specs=Xilinx.spec -Wl,-T -Wl,../src/lscript.ld -L../../Module_2_LED_Controller_bsp/ps7_cortexa9_0/lib -o "Module_2_LED_Controller.elf"  ./src/main.o   -Wl,--start-group,-lxil,-lgcc,-lc,--end-group
'Finished building target: Module_2_LED_Controller.elf'
' '
'Invoking: ARM v7 Print Size'
arm-none-eabi-size Module_2_LED_Controller.elf  |tee "Module_2_LED_Controller.elf.size"
   text	   data	    bss	    dec	    hex	filename
  19092	   1144	  22568	  42804	   a734	Module_2_LED_Controller.elf
'Finished building: Module_2_LED_Controller.elf.size'
' '
23:06:52 **** Incremental Build of configuration Debug for project Module_2_LED_Controller ****
make pre-build main-build 
a9-linaro-pre-build-step
' '
make: Nothing to be done for `main-build'.
23:07:31 **** Auto Build of configuration Debug for project Module_2_LED_Controller ****
make pre-build main-build 
a9-linaro-pre-build-step
' '
'Building file: ../src/main.c'
'Invoking: ARM v7 gcc compiler'
arm-none-eabi-gcc -Wall -O0 -g3 -c -fmessage-length=0 -MT"src/main.o" -mcpu=cortex-a9 -mfpu=vfpv3 -mfloat-abi=hard -I../../Module_2_LED_Controller_bsp/ps7_cortexa9_0/include -MMD -MP -MF"src/main.d" -MT"src/main.o" -o "src/main.o" "../src/main.c"
'Finished building: ../src/main.c'
' '
'Building target: Module_2_LED_Controller.elf'
'Invoking: ARM v7 gcc linker'
arm-none-eabi-gcc -mcpu=cortex-a9 -mfpu=vfpv3 -mfloat-abi=hard -Wl,-build-id=none -specs=Xilinx.spec -Wl,-T -Wl,../src/lscript.ld -L../../Module_2_LED_Controller_bsp/ps7_cortexa9_0/lib -o "Module_2_LED_Controller.elf"  ./src/main.o   -Wl,--start-group,-lxil,-lgcc,-lc,--end-group
'Finished building target: Module_2_LED_Controller.elf'
' '
'Invoking: ARM v7 Print Size'
arm-none-eabi-size Module_2_LED_Controller.elf  |tee "Module_2_LED_Controller.elf.size"
   text	   data	    bss	    dec	    hex	filename
  19104	   1144	  22568	  42816	   a740	Module_2_LED_Controller.elf
'Finished building: Module_2_LED_Controller.elf.size'
' '
23:07:33 **** Incremental Build of configuration Debug for project Module_2_LED_Controller ****
make pre-build main-build 
a9-linaro-pre-build-step
' '
make: Nothing to be done for `main-build'.
23:08:59 **** Auto Build of configuration Debug for project Module_2_LED_Controller ****
make pre-build main-build 
a9-linaro-pre-build-step
' '
'Building file: ../src/main.c'
'Invoking: ARM v7 gcc compiler'
arm-none-eabi-gcc -Wall -O0 -g3 -c -fmessage-length=0 -MT"src/main.o" -mcpu=cortex-a9 -mfpu=vfpv3 -mfloat-abi=hard -I../../Module_2_LED_Controller_bsp/ps7_cortexa9_0/include -MMD -MP -MF"src/main.d" -MT"src/main.o" -o "src/main.o" "../src/main.c"
../src/main.c: In function 'main':
../src/main.c:13:25: error: expected ')' before '*' token
 #define LED *((uint32_t *)0x4BB00000)
                         ^
../src/main.c:18:16: note: in expansion of macro 'LED'
     uint32_t * LED = (uint32_t*)0x4BB00000;
                ^~~
../src/main.c:13:27: error: expected ')' before numeric constant
 #define LED *((uint32_t *)0x4BB00000)
                           ^
../src/main.c:18:16: note: in expansion of macro 'LED'
     uint32_t * LED = (uint32_t*)0x4BB00000;
                ^~~
make: *** [src/main.o] Error 1
23:09:10 **** Incremental Build of configuration Debug for project Module_2_LED_Controller ****
make pre-build main-build 
a9-linaro-pre-build-step
' '
'Building file: ../src/main.c'
'Invoking: ARM v7 gcc compiler'
arm-none-eabi-gcc -Wall -O0 -g3 -c -fmessage-length=0 -MT"src/main.o" -mcpu=cortex-a9 -mfpu=vfpv3 -mfloat-abi=hard -I../../Module_2_LED_Controller_bsp/ps7_cortexa9_0/include -MMD -MP -MF"src/main.d" -MT"src/main.o" -o "src/main.o" "../src/main.c"
'Finished building: ../src/main.c'
' '
'Building target: Module_2_LED_Controller.elf'
'Invoking: ARM v7 gcc linker'
arm-none-eabi-gcc -mcpu=cortex-a9 -mfpu=vfpv3 -mfloat-abi=hard -Wl,-build-id=none -specs=Xilinx.spec -Wl,-T -Wl,../src/lscript.ld -L../../Module_2_LED_Controller_bsp/ps7_cortexa9_0/lib -o "Module_2_LED_Controller.elf"  ./src/main.o   -Wl,--start-group,-lxil,-lgcc,-lc,--end-group
'Finished building target: Module_2_LED_Controller.elf'
' '
'Invoking: ARM v7 Print Size'
arm-none-eabi-size Module_2_LED_Controller.elf  |tee "Module_2_LED_Controller.elf.size"
   text	   data	    bss	    dec	    hex	filename
  19100	   1144	  22568	  42812	   a73c	Module_2_LED_Controller.elf
'Finished building: Module_2_LED_Controller.elf.size'
' '
23:09:23 **** Auto Build of configuration Debug for project Module_2_LED_Controller ****
make pre-build main-build 
a9-linaro-pre-build-step
' '
'Building file: ../src/main.c'
'Invoking: ARM v7 gcc compiler'
arm-none-eabi-gcc -Wall -O0 -g3 -c -fmessage-length=0 -MT"src/main.o" -mcpu=cortex-a9 -mfpu=vfpv3 -mfloat-abi=hard -I../../Module_2_LED_Controller_bsp/ps7_cortexa9_0/include -MMD -MP -MF"src/main.d" -MT"src/main.o" -o "src/main.o" "../src/main.c"
'Finished building: ../src/main.c'
' '
'Building target: Module_2_LED_Controller.elf'
'Invoking: ARM v7 gcc linker'
arm-none-eabi-gcc -mcpu=cortex-a9 -mfpu=vfpv3 -mfloat-abi=hard -Wl,-build-id=none -specs=Xilinx.spec -Wl,-T -Wl,../src/lscript.ld -L../../Module_2_LED_Controller_bsp/ps7_cortexa9_0/lib -o "Module_2_LED_Controller.elf"  ./src/main.o   -Wl,--start-group,-lxil,-lgcc,-lc,--end-group
'Finished building target: Module_2_LED_Controller.elf'
' '
'Invoking: ARM v7 Print Size'
arm-none-eabi-size Module_2_LED_Controller.elf  |tee "Module_2_LED_Controller.elf.size"
   text	   data	    bss	    dec	    hex	filename
  19100	   1144	  22568	  42812	   a73c	Module_2_LED_Controller.elf
'Finished building: Module_2_LED_Controller.elf.size'
' '
23:41:07 **** Auto Build of project Module_2_LED_Controller_bsp ****
make -k all 
"Running Make include in ps7_cortexa9_0/libsrc/coresightps_dcc_v1_4/src"
make -C ps7_cortexa9_0/libsrc/coresightps_dcc_v1_4/src -s include  "SHELL=CMD" "COMPILER=arm-none-eabi-gcc" "ARCHIVER=arm-none-eabi-ar" "COMPILER_FLAGS=  -O2 -c" "EXTRA_COMPILER_FLAGS=-mcpu=cortex-a9 -mfpu=vfpv3 -mfloat-abi=hard -nostartfiles -g -Wall -Wextra"
"Running Make include in ps7_cortexa9_0/libsrc/cpu_cortexa9_v2_6/src"
make -C ps7_cortexa9_0/libsrc/cpu_cortexa9_v2_6/src -s include  "SHELL=CMD" "COMPILER=arm-none-eabi-gcc" "ARCHIVER=arm-none-eabi-ar" "COMPILER_FLAGS=  -O2 -c" "EXTRA_COMPILER_FLAGS=-mcpu=cortex-a9 -mfpu=vfpv3 -mfloat-abi=hard -nostartfiles -g -Wall -Wextra"
"Running Make include in ps7_cortexa9_0/libsrc/ddrps_v1_0/src"
make -C ps7_cortexa9_0/libsrc/ddrps_v1_0/src -s include  "SHELL=CMD" "COMPILER=arm-none-eabi-gcc" "ARCHIVER=arm-none-eabi-ar" "COMPILER_FLAGS=  -O2 -c" "EXTRA_COMPILER_FLAGS=-mcpu=cortex-a9 -mfpu=vfpv3 -mfloat-abi=hard -nostartfiles -g -Wall -Wextra"
"Running Make include in ps7_cortexa9_0/libsrc/devcfg_v3_5/src"
make -C ps7_cortexa9_0/libsrc/devcfg_v3_5/src -s include  "SHELL=CMD" "COMPILER=arm-none-eabi-gcc" "ARCHIVER=arm-none-eabi-ar" "COMPILER_FLAGS=  -O2 -c" "EXTRA_COMPILER_FLAGS=-mcpu=cortex-a9 -mfpu=vfpv3 -mfloat-abi=hard -nostartfiles -g -Wall -Wextra"
"Running Make include in ps7_cortexa9_0/libsrc/dmaps_v2_3/src"
make -C ps7_cortexa9_0/libsrc/dmaps_v2_3/src -s include  "SHELL=CMD" "COMPILER=arm-none-eabi-gcc" "ARCHIVER=arm-none-eabi-ar" "COMPILER_FLAGS=  -O2 -c" "EXTRA_COMPILER_FLAGS=-mcpu=cortex-a9 -mfpu=vfpv3 -mfloat-abi=hard -nostartfiles -g -Wall -Wextra"
"Running Make include in ps7_cortexa9_0/libsrc/gpiops_v3_3/src"
make -C ps7_cortexa9_0/libsrc/gpiops_v3_3/src -s include  "SHELL=CMD" "COMPILER=arm-none-eabi-gcc" "ARCHIVER=arm-none-eabi-ar" "COMPILER_FLAGS=  -O2 -c" "EXTRA_COMPILER_FLAGS=-mcpu=cortex-a9 -mfpu=vfpv3 -mfloat-abi=hard -nostartfiles -g -Wall -Wextra"
"Running Make include in ps7_cortexa9_0/libsrc/myLED_v1_0/src"
make -C ps7_cortexa9_0/libsrc/myLED_v1_0/src -s include  "SHELL=CMD" "COMPILER=arm-none-eabi-gcc" "ARCHIVER=arm-none-eabi-ar" "COMPILER_FLAGS=  -O2 -c" "EXTRA_COMPILER_FLAGS=-mcpu=cortex-a9 -mfpu=vfpv3 -mfloat-abi=hard -nostartfiles -g -Wall -Wextra"
"Running Make include in ps7_cortexa9_0/libsrc/qspips_v3_4/src"
make -C ps7_cortexa9_0/libsrc/qspips_v3_4/src -s include  "SHELL=CMD" "COMPILER=arm-none-eabi-gcc" "ARCHIVER=arm-none-eabi-ar" "COMPILER_FLAGS=  -O2 -c" "EXTRA_COMPILER_FLAGS=-mcpu=cortex-a9 -mfpu=vfpv3 -mfloat-abi=hard -nostartfiles -g -Wall -Wextra"
"Running Make include in ps7_cortexa9_0/libsrc/scugic_v3_9/src"
make -C ps7_cortexa9_0/libsrc/scugic_v3_9/src -s include  "SHELL=CMD" "COMPILER=arm-none-eabi-gcc" "ARCHIVER=arm-none-eabi-ar" "COMPILER_FLAGS=  -O2 -c" "EXTRA_COMPILER_FLAGS=-mcpu=cortex-a9 -mfpu=vfpv3 -mfloat-abi=hard -nostartfiles -g -Wall -Wextra"
"Running Make include in ps7_cortexa9_0/libsrc/scutimer_v2_1/src"
make -C ps7_cortexa9_0/libsrc/scutimer_v2_1/src -s include  "SHELL=CMD" "COMPILER=arm-none-eabi-gcc" "ARCHIVER=arm-none-eabi-ar" "COMPILER_FLAGS=  -O2 -c" "EXTRA_COMPILER_FLAGS=-mcpu=cortex-a9 -mfpu=vfpv3 -mfloat-abi=hard -nostartfiles -g -Wall -Wextra"
"Running Make include in ps7_cortexa9_0/libsrc/scuwdt_v2_1/src"
make -C ps7_cortexa9_0/libsrc/scuwdt_v2_1/src -s include  "SHELL=CMD" "COMPILER=arm-none-eabi-gcc" "ARCHIVER=arm-none-eabi-ar" "COMPILER_FLAGS=  -O2 -c" "EXTRA_COMPILER_FLAGS=-mcpu=cortex-a9 -mfpu=vfpv3 -mfloat-abi=hard -nostartfiles -g -Wall -Wextra"
"Running Make include in ps7_cortexa9_0/libsrc/sdps_v3_5/src"
make -C ps7_cortexa9_0/libsrc/sdps_v3_5/src -s include  "SHELL=CMD" "COMPILER=arm-none-eabi-gcc" "ARCHIVER=arm-none-eabi-ar" "COMPILER_FLAGS=  -O2 -c" "EXTRA_COMPILER_FLAGS=-mcpu=cortex-a9 -mfpu=vfpv3 -mfloat-abi=hard -nostartfiles -g -Wall -Wextra"
"Running Make include in ps7_cortexa9_0/libsrc/spips_v3_1/src"
make -C ps7_cortexa9_0/libsrc/spips_v3_1/src -s include  "SHELL=CMD" "COMPILER=arm-none-eabi-gcc" "ARCHIVER=arm-none-eabi-ar" "COMPILER_FLAGS=  -O2 -c" "EXTRA_COMPILER_FLAGS=-mcpu=cortex-a9 -mfpu=vfpv3 -mfloat-abi=hard -nostartfiles -g -Wall -Wextra"
"Running Make include in ps7_cortexa9_0/libsrc/standalone_v6_7/src"
make -C ps7_cortexa9_0/libsrc/standalone_v6_7/src -s include  "SHELL=CMD" "COMPILER=arm-none-eabi-gcc" "ARCHIVER=arm-none-eabi-ar" "COMPILER_FLAGS=  -O2 -c" "EXTRA_COMPILER_FLAGS=-mcpu=cortex-a9 -mfpu=vfpv3 -mfloat-abi=hard -nostartfiles -g -Wall -Wextra"
"Running Make include in ps7_cortexa9_0/libsrc/uartps_v3_6/src"
make -C ps7_cortexa9_0/libsrc/uartps_v3_6/src -s include  "SHELL=CMD" "COMPILER=arm-none-eabi-gcc" "ARCHIVER=arm-none-eabi-ar" "COMPILER_FLAGS=  -O2 -c" "EXTRA_COMPILER_FLAGS=-mcpu=cortex-a9 -mfpu=vfpv3 -mfloat-abi=hard -nostartfiles -g -Wall -Wextra"
"Running Make include in ps7_cortexa9_0/libsrc/usbps_v2_4/src"
make -C ps7_cortexa9_0/libsrc/usbps_v2_4/src -s include  "SHELL=CMD" "COMPILER=arm-none-eabi-gcc" "ARCHIVER=arm-none-eabi-ar" "COMPILER_FLAGS=  -O2 -c" "EXTRA_COMPILER_FLAGS=-mcpu=cortex-a9 -mfpu=vfpv3 -mfloat-abi=hard -nostartfiles -g -Wall -Wextra"
"Running Make include in ps7_cortexa9_0/libsrc/xadcps_v2_2/src"
make -C ps7_cortexa9_0/libsrc/xadcps_v2_2/src -s include  "SHELL=CMD" "COMPILER=arm-none-eabi-gcc" "ARCHIVER=arm-none-eabi-ar" "COMPILER_FLAGS=  -O2 -c" "EXTRA_COMPILER_FLAGS=-mcpu=cortex-a9 -mfpu=vfpv3 -mfloat-abi=hard -nostartfiles -g -Wall -Wextra"
"Running Make libs in ps7_cortexa9_0/libsrc/coresightps_dcc_v1_4/src"
make -C ps7_cortexa9_0/libsrc/coresightps_dcc_v1_4/src -s libs  "SHELL=CMD" "COMPILER=arm-none-eabi-gcc" "ARCHIVER=arm-none-eabi-ar" "COMPILER_FLAGS=  -O2 -c" "EXTRA_COMPILER_FLAGS=-mcpu=cortex-a9 -mfpu=vfpv3 -mfloat-abi=hard -nostartfiles -g -Wall -Wextra"
"Compiling coresightps_dcc"
arm-none-eabi-ar: creating ../../../lib/libxil.a
"Running Make libs in ps7_cortexa9_0/libsrc/cpu_cortexa9_v2_6/src"
make -C ps7_cortexa9_0/libsrc/cpu_cortexa9_v2_6/src -s libs  "SHELL=CMD" "COMPILER=arm-none-eabi-gcc" "ARCHIVER=arm-none-eabi-ar" "COMPILER_FLAGS=  -O2 -c" "EXTRA_COMPILER_FLAGS=-mcpu=cortex-a9 -mfpu=vfpv3 -mfloat-abi=hard -nostartfiles -g -Wall -Wextra"
"Compiling cpu_cortexa9"
"Running Make libs in ps7_cortexa9_0/libsrc/ddrps_v1_0/src"
make -C ps7_cortexa9_0/libsrc/ddrps_v1_0/src -s libs  "SHELL=CMD" "COMPILER=arm-none-eabi-gcc" "ARCHIVER=arm-none-eabi-ar" "COMPILER_FLAGS=  -O2 -c" "EXTRA_COMPILER_FLAGS=-mcpu=cortex-a9 -mfpu=vfpv3 -mfloat-abi=hard -nostartfiles -g -Wall -Wextra"
"Compiling ddrps"
"Running Make libs in ps7_cortexa9_0/libsrc/devcfg_v3_5/src"
make -C ps7_cortexa9_0/libsrc/devcfg_v3_5/src -s libs  "SHELL=CMD" "COMPILER=arm-none-eabi-gcc" "ARCHIVER=arm-none-eabi-ar" "COMPILER_FLAGS=  -O2 -c" "EXTRA_COMPILER_FLAGS=-mcpu=cortex-a9 -mfpu=vfpv3 -mfloat-abi=hard -nostartfiles -g -Wall -Wextra"
"Compiling devcfg"
"Running Make libs in ps7_cortexa9_0/libsrc/dmaps_v2_3/src"
make -C ps7_cortexa9_0/libsrc/dmaps_v2_3/src -s libs  "SHELL=CMD" "COMPILER=arm-none-eabi-gcc" "ARCHIVER=arm-none-eabi-ar" "COMPILER_FLAGS=  -O2 -c" "EXTRA_COMPILER_FLAGS=-mcpu=cortex-a9 -mfpu=vfpv3 -mfloat-abi=hard -nostartfiles -g -Wall -Wextra"
"Compiling dmaps"
"Running Make libs in ps7_cortexa9_0/libsrc/gpiops_v3_3/src"
make -C ps7_cortexa9_0/libsrc/gpiops_v3_3/src -s libs  "SHELL=CMD" "COMPILER=arm-none-eabi-gcc" "ARCHIVER=arm-none-eabi-ar" "COMPILER_FLAGS=  -O2 -c" "EXTRA_COMPILER_FLAGS=-mcpu=cortex-a9 -mfpu=vfpv3 -mfloat-abi=hard -nostartfiles -g -Wall -Wextra"
"Compiling gpiops"
"Running Make libs in ps7_cortexa9_0/libsrc/myLED_v1_0/src"
make -C ps7_cortexa9_0/libsrc/myLED_v1_0/src -s libs  "SHELL=CMD" "COMPILER=arm-none-eabi-gcc" "ARCHIVER=arm-none-eabi-ar" "COMPILER_FLAGS=  -O2 -c" "EXTRA_COMPILER_FLAGS=-mcpu=cortex-a9 -mfpu=vfpv3 -mfloat-abi=hard -nostartfiles -g -Wall -Wextra"
"Compiling myLED..."
myLED_selftest.c: In function 'MYLED_Reg_SelfTest':
myLED_selftest.c:52:54: warning: comparison between signed and unsigned integer expressions [-Wsign-compare]
    if ( MYLED_mReadReg (baseaddr, read_loop_index*4) != (read_loop_index+1)*READ_WRITE_MUL_FACTOR){
                                                      ^~
myLED_selftest.c:36:6: warning: unused variable 'Index' [-Wunused-variable]
  int Index;
      ^~~~~
"Running Make libs in ps7_cortexa9_0/libsrc/qspips_v3_4/src"
make -C ps7_cortexa9_0/libsrc/qspips_v3_4/src -s libs  "SHELL=CMD" "COMPILER=arm-none-eabi-gcc" "ARCHIVER=arm-none-eabi-ar" "COMPILER_FLAGS=  -O2 -c" "EXTRA_COMPILER_FLAGS=-mcpu=cortex-a9 -mfpu=vfpv3 -mfloat-abi=hard -nostartfiles -g -Wall -Wextra"
"Compiling qspips"
"Running Make libs in ps7_cortexa9_0/libsrc/scugic_v3_9/src"
make -C ps7_cortexa9_0/libsrc/scugic_v3_9/src -s libs  "SHELL=CMD" "COMPILER=arm-none-eabi-gcc" "ARCHIVER=arm-none-eabi-ar" "COMPILER_FLAGS=  -O2 -c" "EXTRA_COMPILER_FLAGS=-mcpu=cortex-a9 -mfpu=vfpv3 -mfloat-abi=hard -nostartfiles -g -Wall -Wextra"
"Compiling scugic"
"Running Make libs in ps7_cortexa9_0/libsrc/scutimer_v2_1/src"
make -C ps7_cortexa9_0/libsrc/scutimer_v2_1/src -s libs  "SHELL=CMD" "COMPILER=arm-none-eabi-gcc" "ARCHIVER=arm-none-eabi-ar" "COMPILER_FLAGS=  -O2 -c" "EXTRA_COMPILER_FLAGS=-mcpu=cortex-a9 -mfpu=vfpv3 -mfloat-abi=hard -nostartfiles -g -Wall -Wextra"
"Compiling scutimer"
"Running Make libs in ps7_cortexa9_0/libsrc/scuwdt_v2_1/src"
make -C ps7_cortexa9_0/libsrc/scuwdt_v2_1/src -s libs  "SHELL=CMD" "COMPILER=arm-none-eabi-gcc" "ARCHIVER=arm-none-eabi-ar" "COMPILER_FLAGS=  -O2 -c" "EXTRA_COMPILER_FLAGS=-mcpu=cortex-a9 -mfpu=vfpv3 -mfloat-abi=hard -nostartfiles -g -Wall -Wextra"
"Compiling scuwdt"
"Running Make libs in ps7_cortexa9_0/libsrc/sdps_v3_5/src"
make -C ps7_cortexa9_0/libsrc/sdps_v3_5/src -s libs  "SHELL=CMD" "COMPILER=arm-none-eabi-gcc" "ARCHIVER=arm-none-eabi-ar" "COMPILER_FLAGS=  -O2 -c" "EXTRA_COMPILER_FLAGS=-mcpu=cortex-a9 -mfpu=vfpv3 -mfloat-abi=hard -nostartfiles -g -Wall -Wextra"
"Compiling sdps"
"Running Make libs in ps7_cortexa9_0/libsrc/spips_v3_1/src"
make -C ps7_cortexa9_0/libsrc/spips_v3_1/src -s libs  "SHELL=CMD" "COMPILER=arm-none-eabi-gcc" "ARCHIVER=arm-none-eabi-ar" "COMPILER_FLAGS=  -O2 -c" "EXTRA_COMPILER_FLAGS=-mcpu=cortex-a9 -mfpu=vfpv3 -mfloat-abi=hard -nostartfiles -g -Wall -Wextra"
"Compiling spips"
"Running Make libs in ps7_cortexa9_0/libsrc/standalone_v6_7/src"
make -C ps7_cortexa9_0/libsrc/standalone_v6_7/src -s libs  "SHELL=CMD" "COMPILER=arm-none-eabi-gcc" "ARCHIVER=arm-none-eabi-ar" "COMPILER_FLAGS=  -O2 -c" "EXTRA_COMPILER_FLAGS=-mcpu=cortex-a9 -mfpu=vfpv3 -mfloat-abi=hard -nostartfiles -g -Wall -Wextra"
"Compiling standalone"
"Running Make libs in ps7_cortexa9_0/libsrc/uartps_v3_6/src"
make -C ps7_cortexa9_0/libsrc/uartps_v3_6/src -s libs  "SHELL=CMD" "COMPILER=arm-none-eabi-gcc" "ARCHIVER=arm-none-eabi-ar" "COMPILER_FLAGS=  -O2 -c" "EXTRA_COMPILER_FLAGS=-mcpu=cortex-a9 -mfpu=vfpv3 -mfloat-abi=hard -nostartfiles -g -Wall -Wextra"
"Compiling uartps"
"Running Make libs in ps7_cortexa9_0/libsrc/usbps_v2_4/src"
make -C ps7_cortexa9_0/libsrc/usbps_v2_4/src -s libs  "SHELL=CMD" "COMPILER=arm-none-eabi-gcc" "ARCHIVER=arm-none-eabi-ar" "COMPILER_FLAGS=  -O2 -c" "EXTRA_COMPILER_FLAGS=-mcpu=cortex-a9 -mfpu=vfpv3 -mfloat-abi=hard -nostartfiles -g -Wall -Wextra"
"Compiling usbps"
"Running Make libs in ps7_cortexa9_0/libsrc/xadcps_v2_2/src"
make -C ps7_cortexa9_0/libsrc/xadcps_v2_2/src -s libs  "SHELL=CMD" "COMPILER=arm-none-eabi-gcc" "ARCHIVER=arm-none-eabi-ar" "COMPILER_FLAGS=  -O2 -c" "EXTRA_COMPILER_FLAGS=-mcpu=cortex-a9 -mfpu=vfpv3 -mfloat-abi=hard -nostartfiles -g -Wall -Wextra"
"Compiling xadcps"
'Finished building libraries'
23:41:35 **** Auto Build of configuration Debug for project Module_2_LED_Controller ****
make pre-build main-build 
a9-linaro-pre-build-step
' '
'Building file: ../src/main.c'
'Invoking: ARM v7 gcc compiler'
arm-none-eabi-gcc -Wall -O0 -g3 -c -fmessage-length=0 -MT"src/main.o" -mcpu=cortex-a9 -mfpu=vfpv3 -mfloat-abi=hard -I../../Module_2_LED_Controller_bsp/ps7_cortexa9_0/include -MMD -MP -MF"src/main.d" -MT"src/main.o" -o "src/main.o" "../src/main.c"
'Finished building: ../src/main.c'
' '
'Building target: Module_2_LED_Controller.elf'
'Invoking: ARM v7 gcc linker'
arm-none-eabi-gcc -mcpu=cortex-a9 -mfpu=vfpv3 -mfloat-abi=hard -Wl,-build-id=none -specs=Xilinx.spec -Wl,-T -Wl,../src/lscript.ld -L../../Module_2_LED_Controller_bsp/ps7_cortexa9_0/lib -o "Module_2_LED_Controller.elf"  ./src/main.o   -Wl,--start-group,-lxil,-lgcc,-lc,--end-group
'Finished building target: Module_2_LED_Controller.elf'
' '
'Invoking: ARM v7 Print Size'
arm-none-eabi-size Module_2_LED_Controller.elf  |tee "Module_2_LED_Controller.elf.size"
   text	   data	    bss	    dec	    hex	filename
  19100	   1144	  22568	  42812	   a73c	Module_2_LED_Controller.elf
'Finished building: Module_2_LED_Controller.elf.size'
' '
23:42:46 **** Auto Build of configuration Debug for project Module_2_LED_Controller ****
make pre-build main-build 
a9-linaro-pre-build-step
' '
'Building file: ../src/main.c'
'Invoking: ARM v7 gcc compiler'
arm-none-eabi-gcc -Wall -O0 -g3 -c -fmessage-length=0 -MT"src/main.o" -mcpu=cortex-a9 -mfpu=vfpv3 -mfloat-abi=hard -I../../Module_2_LED_Controller_bsp/ps7_cortexa9_0/include -MMD -MP -MF"src/main.d" -MT"src/main.o" -o "src/main.o" "../src/main.c"
'Finished building: ../src/main.c'
' '
'Building target: Module_2_LED_Controller.elf'
'Invoking: ARM v7 gcc linker'
arm-none-eabi-gcc -mcpu=cortex-a9 -mfpu=vfpv3 -mfloat-abi=hard -Wl,-build-id=none -specs=Xilinx.spec -Wl,-T -Wl,../src/lscript.ld -L../../Module_2_LED_Controller_bsp/ps7_cortexa9_0/lib -o "Module_2_LED_Controller.elf"  ./src/main.o   -Wl,--start-group,-lxil,-lgcc,-lc,--end-group
'Finished building target: Module_2_LED_Controller.elf'
' '
'Invoking: ARM v7 Print Size'
arm-none-eabi-size Module_2_LED_Controller.elf  |tee "Module_2_LED_Controller.elf.size"
   text	   data	    bss	    dec	    hex	filename
  19096	   1144	  22568	  42808	   a738	Module_2_LED_Controller.elf
'Finished building: Module_2_LED_Controller.elf.size'
' '
23:42:48 **** Incremental Build of configuration Debug for project Module_2_LED_Controller ****
make pre-build main-build 
a9-linaro-pre-build-step
' '
make: Nothing to be done for `main-build'.
23:44:17 **** Auto Build of configuration Debug for project Module_2_LED_Controller ****
make pre-build main-build 
a9-linaro-pre-build-step
' '
'Building file: ../src/main.c'
'Invoking: ARM v7 gcc compiler'
arm-none-eabi-gcc -Wall -O0 -g3 -c -fmessage-length=0 -MT"src/main.o" -mcpu=cortex-a9 -mfpu=vfpv3 -mfloat-abi=hard -I../../Module_2_LED_Controller_bsp/ps7_cortexa9_0/include -MMD -MP -MF"src/main.d" -MT"src/main.o" -o "src/main.o" "../src/main.c"
'Finished building: ../src/main.c'
' '
'Building target: Module_2_LED_Controller.elf'
'Invoking: ARM v7 gcc linker'
arm-none-eabi-gcc -mcpu=cortex-a9 -mfpu=vfpv3 -mfloat-abi=hard -Wl,-build-id=none -specs=Xilinx.spec -Wl,-T -Wl,../src/lscript.ld -L../../Module_2_LED_Controller_bsp/ps7_cortexa9_0/lib -o "Module_2_LED_Controller.elf"  ./src/main.o   -Wl,--start-group,-lxil,-lgcc,-lc,--end-group
'Finished building target: Module_2_LED_Controller.elf'
' '
'Invoking: ARM v7 Print Size'
arm-none-eabi-size Module_2_LED_Controller.elf  |tee "Module_2_LED_Controller.elf.size"
   text	   data	    bss	    dec	    hex	filename
  19232	   1144	  22568	  42944	   a7c0	Module_2_LED_Controller.elf
'Finished building: Module_2_LED_Controller.elf.size'
' '
23:44:23 **** Incremental Build of configuration Debug for project Module_2_LED_Controller ****
make pre-build main-build 
a9-linaro-pre-build-step
' '
make: Nothing to be done for `main-build'.
23:45:04 **** Auto Build of configuration Debug for project Module_2_LED_Controller ****
make pre-build main-build 
a9-linaro-pre-build-step
' '
'Building file: ../src/main.c'
'Invoking: ARM v7 gcc compiler'
arm-none-eabi-gcc -Wall -O0 -g3 -c -fmessage-length=0 -MT"src/main.o" -mcpu=cortex-a9 -mfpu=vfpv3 -mfloat-abi=hard -I../../Module_2_LED_Controller_bsp/ps7_cortexa9_0/include -MMD -MP -MF"src/main.d" -MT"src/main.o" -o "src/main.o" "../src/main.c"
'Finished building: ../src/main.c'
' '
'Building target: Module_2_LED_Controller.elf'
'Invoking: ARM v7 gcc linker'
arm-none-eabi-gcc -mcpu=cortex-a9 -mfpu=vfpv3 -mfloat-abi=hard -Wl,-build-id=none -specs=Xilinx.spec -Wl,-T -Wl,../src/lscript.ld -L../../Module_2_LED_Controller_bsp/ps7_cortexa9_0/lib -o "Module_2_LED_Controller.elf"  ./src/main.o   -Wl,--start-group,-lxil,-lgcc,-lc,--end-group
'Finished building target: Module_2_LED_Controller.elf'
' '
'Invoking: ARM v7 Print Size'
arm-none-eabi-size Module_2_LED_Controller.elf  |tee "Module_2_LED_Controller.elf.size"
   text	   data	    bss	    dec	    hex	filename
  19232	   1144	  22568	  42944	   a7c0	Module_2_LED_Controller.elf
'Finished building: Module_2_LED_Controller.elf.size'
' '
23:45:07 **** Incremental Build of configuration Debug for project Module_2_LED_Controller ****
make pre-build main-build 
a9-linaro-pre-build-step
' '
make: Nothing to be done for `main-build'.
23:49:29 **** Auto Build of configuration Debug for project Module_2_LED_Controller ****
make pre-build main-build 
a9-linaro-pre-build-step
' '
'Building file: ../src/main.c'
'Invoking: ARM v7 gcc compiler'
arm-none-eabi-gcc -Wall -O0 -g3 -c -fmessage-length=0 -MT"src/main.o" -mcpu=cortex-a9 -mfpu=vfpv3 -mfloat-abi=hard -I../../Module_2_LED_Controller_bsp/ps7_cortexa9_0/include -MMD -MP -MF"src/main.d" -MT"src/main.o" -o "src/main.o" "../src/main.c"
'Finished building: ../src/main.c'
' '
'Building target: Module_2_LED_Controller.elf'
'Invoking: ARM v7 gcc linker'
[...]
"Compiling spips"
"Running Make libs in ps7_cortexa9_0/libsrc/standalone_v6_7/src"
make -C ps7_cortexa9_0/libsrc/standalone_v6_7/src -s libs  "SHELL=CMD" "COMPILER=arm-none-eabi-gcc" "ARCHIVER=arm-none-eabi-ar" "COMPILER_FLAGS=  -O2 -c" "EXTRA_COMPILER_FLAGS=-mcpu=cortex-a9 -mfpu=vfpv3 -mfloat-abi=hard -nostartfiles -g -Wall -Wextra"
"Compiling standalone"
"Running Make libs in ps7_cortexa9_0/libsrc/uartps_v3_6/src"
make -C ps7_cortexa9_0/libsrc/uartps_v3_6/src -s libs  "SHELL=CMD" "COMPILER=arm-none-eabi-gcc" "ARCHIVER=arm-none-eabi-ar" "COMPILER_FLAGS=  -O2 -c" "EXTRA_COMPILER_FLAGS=-mcpu=cortex-a9 -mfpu=vfpv3 -mfloat-abi=hard -nostartfiles -g -Wall -Wextra"
"Compiling uartps"
"Running Make libs in ps7_cortexa9_0/libsrc/usbps_v2_4/src"
make -C ps7_cortexa9_0/libsrc/usbps_v2_4/src -s libs  "SHELL=CMD" "COMPILER=arm-none-eabi-gcc" "ARCHIVER=arm-none-eabi-ar" "COMPILER_FLAGS=  -O2 -c" "EXTRA_COMPILER_FLAGS=-mcpu=cortex-a9 -mfpu=vfpv3 -mfloat-abi=hard -nostartfiles -g -Wall -Wextra"
"Compiling usbps"
"Running Make libs in ps7_cortexa9_0/libsrc/xadcps_v2_2/src"
make -C ps7_cortexa9_0/libsrc/xadcps_v2_2/src -s libs  "SHELL=CMD" "COMPILER=arm-none-eabi-gcc" "ARCHIVER=arm-none-eabi-ar" "COMPILER_FLAGS=  -O2 -c" "EXTRA_COMPILER_FLAGS=-mcpu=cortex-a9 -mfpu=vfpv3 -mfloat-abi=hard -nostartfiles -g -Wall -Wextra"
"Compiling xadcps"
'Finished building libraries'
17:38:55 **** Auto Build of configuration Debug for project Module_2_LED_Controller ****
make pre-build main-build 
a9-linaro-pre-build-step
' '
'Building file: ../src/main.c'
'Invoking: ARM v7 gcc compiler'
arm-none-eabi-gcc -Wall -O0 -g3 -c -fmessage-length=0 -MT"src/main.o" -mcpu=cortex-a9 -mfpu=vfpv3 -mfloat-abi=hard -I../../Module_2_LED_Controller_bsp/ps7_cortexa9_0/include -MMD -MP -MF"src/main.d" -MT"src/main.o" -o "src/main.o" "../src/main.c"
'Finished building: ../src/main.c'
' '
'Building file: ../src/myAXIfunctions.c'
'Invoking: ARM v7 gcc compiler'
arm-none-eabi-gcc -Wall -O0 -g3 -c -fmessage-length=0 -MT"src/myAXIfunctions.o" -mcpu=cortex-a9 -mfpu=vfpv3 -mfloat-abi=hard -I../../Module_2_LED_Controller_bsp/ps7_cortexa9_0/include -MMD -MP -MF"src/myAXIfunctions.d" -MT"src/myAXIfunctions.o" -o "src/myAXIfunctions.o" "../src/myAXIfunctions.c"
'Finished building: ../src/myAXIfunctions.c'
' '
'Building target: Module_2_LED_Controller.elf'
'Invoking: ARM v7 gcc linker'
arm-none-eabi-gcc -mcpu=cortex-a9 -mfpu=vfpv3 -mfloat-abi=hard -Wl,-build-id=none -specs=Xilinx.spec -Wl,-T -Wl,../src/lscript.ld -L../../Module_2_LED_Controller_bsp/ps7_cortexa9_0/lib -o "Module_2_LED_Controller.elf"  ./src/main.o ./src/myAXIfunctions.o   -Wl,--start-group,-lxil,-lgcc,-lc,--end-group
'Finished building target: Module_2_LED_Controller.elf'
' '
'Invoking: ARM v7 Print Size'
arm-none-eabi-size Module_2_LED_Controller.elf  |tee "Module_2_LED_Controller.elf.size"
   text	   data	    bss	    dec	    hex	filename
  19416	   1144	  22568	  43128	   a878	Module_2_LED_Controller.elf
'Finished building: Module_2_LED_Controller.elf.size'
' '
17:39:52 **** Incremental Build of configuration Debug for project Module_2_LED_Controller ****
make pre-build main-build 
a9-linaro-pre-build-step
' '
make: Nothing to be done for `main-build'.
17:40:05 **** Auto Build of configuration Debug for project Module_2_LED_Controller ****
make pre-build main-build 
a9-linaro-pre-build-step
' '
'Building file: ../src/main.c'
'Invoking: ARM v7 gcc compiler'
arm-none-eabi-gcc -Wall -O0 -g3 -c -fmessage-length=0 -MT"src/main.o" -mcpu=cortex-a9 -mfpu=vfpv3 -mfloat-abi=hard -I../../Module_2_LED_Controller_bsp/ps7_cortexa9_0/include -MMD -MP -MF"src/main.d" -MT"src/main.o" -o "src/main.o" "../src/main.c"
'Finished building: ../src/main.c'
' '
'Building target: Module_2_LED_Controller.elf'
'Invoking: ARM v7 gcc linker'
arm-none-eabi-gcc -mcpu=cortex-a9 -mfpu=vfpv3 -mfloat-abi=hard -Wl,-build-id=none -specs=Xilinx.spec -Wl,-T -Wl,../src/lscript.ld -L../../Module_2_LED_Controller_bsp/ps7_cortexa9_0/lib -o "Module_2_LED_Controller.elf"  ./src/main.o ./src/myAXIfunctions.o   -Wl,--start-group,-lxil,-lgcc,-lc,--end-group
'Finished building target: Module_2_LED_Controller.elf'
' '
'Invoking: ARM v7 Print Size'
arm-none-eabi-size Module_2_LED_Controller.elf  |tee "Module_2_LED_Controller.elf.size"
   text	   data	    bss	    dec	    hex	filename
  19416	   1144	  22568	  43128	   a878	Module_2_LED_Controller.elf
'Finished building: Module_2_LED_Controller.elf.size'
' '
17:40:07 **** Incremental Build of configuration Debug for project Module_2_LED_Controller ****
make pre-build main-build 
a9-linaro-pre-build-step
' '
make: Nothing to be done for `main-build'.
17:42:02 **** Auto Build of configuration Debug for project Module_2_LED_Controller ****
make pre-build main-build 
a9-linaro-pre-build-step
' '
'Building file: ../src/myAXIfunctions.c'
'Invoking: ARM v7 gcc compiler'
arm-none-eabi-gcc -Wall -O0 -g3 -c -fmessage-length=0 -MT"src/myAXIfunctions.o" -mcpu=cortex-a9 -mfpu=vfpv3 -mfloat-abi=hard -I../../Module_2_LED_Controller_bsp/ps7_cortexa9_0/include -MMD -MP -MF"src/myAXIfunctions.d" -MT"src/myAXIfunctions.o" -o "src/myAXIfunctions.o" "../src/myAXIfunctions.c"
'Finished building: ../src/myAXIfunctions.c'
' '
'Building target: Module_2_LED_Controller.elf'
'Invoking: ARM v7 gcc linker'
arm-none-eabi-gcc -mcpu=cortex-a9 -mfpu=vfpv3 -mfloat-abi=hard -Wl,-build-id=none -specs=Xilinx.spec -Wl,-T -Wl,../src/lscript.ld -L../../Module_2_LED_Controller_bsp/ps7_cortexa9_0/lib -o "Module_2_LED_Controller.elf"  ./src/main.o ./src/myAXIfunctions.o   -Wl,--start-group,-lxil,-lgcc,-lc,--end-group
'Finished building target: Module_2_LED_Controller.elf'
' '
'Invoking: ARM v7 Print Size'
arm-none-eabi-size Module_2_LED_Controller.elf  |tee "Module_2_LED_Controller.elf.size"
   text	   data	    bss	    dec	    hex	filename
  19468	   1144	  22568	  43180	   a8ac	Module_2_LED_Controller.elf
'Finished building: Module_2_LED_Controller.elf.size'
' '
17:42:24 **** Auto Build of configuration Debug for project Module_2_LED_Controller ****
make pre-build main-build 
a9-linaro-pre-build-step
' '
'Building file: ../src/main.c'
'Invoking: ARM v7 gcc compiler'
arm-none-eabi-gcc -Wall -O0 -g3 -c -fmessage-length=0 -MT"src/main.o" -mcpu=cortex-a9 -mfpu=vfpv3 -mfloat-abi=hard -I../../Module_2_LED_Controller_bsp/ps7_cortexa9_0/include -MMD -MP -MF"src/main.d" -MT"src/main.o" -o "src/main.o" "../src/main.c"
'Finished building: ../src/main.c'
' '
'Building target: Module_2_LED_Controller.elf'
'Invoking: ARM v7 gcc linker'
arm-none-eabi-gcc -mcpu=cortex-a9 -mfpu=vfpv3 -mfloat-abi=hard -Wl,-build-id=none -specs=Xilinx.spec -Wl,-T -Wl,../src/lscript.ld -L../../Module_2_LED_Controller_bsp/ps7_cortexa9_0/lib -o "Module_2_LED_Controller.elf"  ./src/main.o ./src/myAXIfunctions.o   -Wl,--start-group,-lxil,-lgcc,-lc,--end-group
'Finished building target: Module_2_LED_Controller.elf'
' '
'Invoking: ARM v7 Print Size'
arm-none-eabi-size Module_2_LED_Controller.elf  |tee "Module_2_LED_Controller.elf.size"
   text	   data	    bss	    dec	    hex	filename
  19472	   1144	  22568	  43184	   a8b0	Module_2_LED_Controller.elf
'Finished building: Module_2_LED_Controller.elf.size'
' '
17:42:28 **** Incremental Build of configuration Debug for project Module_2_LED_Controller ****
make pre-build main-build 
a9-linaro-pre-build-step
' '
make: Nothing to be done for `main-build'.
17:42:35 **** Auto Build of configuration Debug for project Module_2_LED_Controller ****
make pre-build main-build 
a9-linaro-pre-build-step
' '
'Building file: ../src/main.c'
'Invoking: ARM v7 gcc compiler'
arm-none-eabi-gcc -Wall -O0 -g3 -c -fmessage-length=0 -MT"src/main.o" -mcpu=cortex-a9 -mfpu=vfpv3 -mfloat-abi=hard -I../../Module_2_LED_Controller_bsp/ps7_cortexa9_0/include -MMD -MP -MF"src/main.d" -MT"src/main.o" -o "src/main.o" "../src/main.c"
'Finished building: ../src/main.c'
' '
'Building target: Module_2_LED_Controller.elf'
'Invoking: ARM v7 gcc linker'
arm-none-eabi-gcc -mcpu=cortex-a9 -mfpu=vfpv3 -mfloat-abi=hard -Wl,-build-id=none -specs=Xilinx.spec -Wl,-T -Wl,../src/lscript.ld -L../../Module_2_LED_Controller_bsp/ps7_cortexa9_0/lib -o "Module_2_LED_Controller.elf"  ./src/main.o ./src/myAXIfunctions.o   -Wl,--start-group,-lxil,-lgcc,-lc,--end-group
'Finished building target: Module_2_LED_Controller.elf'
' '
'Invoking: ARM v7 Print Size'
arm-none-eabi-size Module_2_LED_Controller.elf  |tee "Module_2_LED_Controller.elf.size"
   text	   data	    bss	    dec	    hex	filename
  19472	   1144	  22568	  43184	   a8b0	Module_2_LED_Controller.elf
'Finished building: Module_2_LED_Controller.elf.size'
' '
17:42:37 **** Incremental Build of configuration Debug for project Module_2_LED_Controller ****
make pre-build main-build 
a9-linaro-pre-build-step
' '
make: Nothing to be done for `main-build'.
17:43:08 **** Auto Build of configuration Debug for project Module_2_LED_Controller ****
make pre-build main-build 
a9-linaro-pre-build-step
' '
'Building file: ../src/myAXIfunctions.c'
'Invoking: ARM v7 gcc compiler'
arm-none-eabi-gcc -Wall -O0 -g3 -c -fmessage-length=0 -MT"src/myAXIfunctions.o" -mcpu=cortex-a9 -mfpu=vfpv3 -mfloat-abi=hard -I../../Module_2_LED_Controller_bsp/ps7_cortexa9_0/include -MMD -MP -MF"src/myAXIfunctions.d" -MT"src/myAXIfunctions.o" -o "src/myAXIfunctions.o" "../src/myAXIfunctions.c"
'Finished building: ../src/myAXIfunctions.c'
' '
'Building target: Module_2_LED_Controller.elf'
'Invoking: ARM v7 gcc linker'
arm-none-eabi-gcc -mcpu=cortex-a9 -mfpu=vfpv3 -mfloat-abi=hard -Wl,-build-id=none -specs=Xilinx.spec -Wl,-T -Wl,../src/lscript.ld -L../../Module_2_LED_Controller_bsp/ps7_cortexa9_0/lib -o "Module_2_LED_Controller.elf"  ./src/main.o ./src/myAXIfunctions.o   -Wl,--start-group,-lxil,-lgcc,-lc,--end-group
'Finished building target: Module_2_LED_Controller.elf'
' '
'Invoking: ARM v7 Print Size'
arm-none-eabi-size Module_2_LED_Controller.elf  |tee "Module_2_LED_Controller.elf.size"
   text	   data	    bss	    dec	    hex	filename
  19472	   1152	  22568	  43192	   a8b8	Module_2_LED_Controller.elf
'Finished building: Module_2_LED_Controller.elf.size'
' '
17:44:31 **** Auto Build of configuration Debug for project Module_2_LED_Controller ****
make pre-build main-build 
a9-linaro-pre-build-step
' '
'Building file: ../src/main.c'
'Invoking: ARM v7 gcc compiler'
arm-none-eabi-gcc -Wall -O0 -g3 -c -fmessage-length=0 -MT"src/main.o" -mcpu=cortex-a9 -mfpu=vfpv3 -mfloat-abi=hard -I../../Module_2_LED_Controller_bsp/ps7_cortexa9_0/include -MMD -MP -MF"src/main.d" -MT"src/main.o" -o "src/main.o" "../src/main.c"
'Finished building: ../src/main.c'
' '
'Building file: ../src/myAXIfunctions.c'
'Invoking: ARM v7 gcc compiler'
arm-none-eabi-gcc -Wall -O0 -g3 -c -fmessage-length=0 -MT"src/myAXIfunctions.o" -mcpu=cortex-a9 -mfpu=vfpv3 -mfloat-abi=hard -I../../Module_2_LED_Controller_bsp/ps7_cortexa9_0/include -MMD -MP -MF"src/myAXIfunctions.d" -MT"src/myAXIfunctions.o" -o "src/myAXIfunctions.o" "../src/myAXIfunctions.c"
'Finished building: ../src/myAXIfunctions.c'
' '
'Building target: Module_2_LED_Controller.elf'
'Invoking: ARM v7 gcc linker'
arm-none-eabi-gcc -mcpu=cortex-a9 -mfpu=vfpv3 -mfloat-abi=hard -Wl,-build-id=none -specs=Xilinx.spec -Wl,-T -Wl,../src/lscript.ld -L../../Module_2_LED_Controller_bsp/ps7_cortexa9_0/lib -o "Module_2_LED_Controller.elf"  ./src/main.o ./src/myAXIfunctions.o   -Wl,--start-group,-lxil,-lgcc,-lc,--end-group
'Finished building target: Module_2_LED_Controller.elf'
' '
'Invoking: ARM v7 Print Size'
arm-none-eabi-size Module_2_LED_Controller.elf  |tee "Module_2_LED_Controller.elf.size"
   text	   data	    bss	    dec	    hex	filename
  19472	   1152	  22568	  43192	   a8b8	Module_2_LED_Controller.elf
'Finished building: Module_2_LED_Controller.elf.size'
' '
17:45:49 **** Auto Build of configuration Debug for project Module_2_LED_Controller ****
make pre-build main-build 
a9-linaro-pre-build-step
' '
'Building file: ../src/myAXIfunctions.c'
'Invoking: ARM v7 gcc compiler'
arm-none-eabi-gcc -Wall -O0 -g3 -c -fmessage-length=0 -MT"src/myAXIfunctions.o" -mcpu=cortex-a9 -mfpu=vfpv3 -mfloat-abi=hard -I../../Module_2_LED_Controller_bsp/ps7_cortexa9_0/include -MMD -MP -MF"src/myAXIfunctions.d" -MT"src/myAXIfunctions.o" -o "src/myAXIfunctions.o" "../src/myAXIfunctions.c"
'Finished building: ../src/myAXIfunctions.c'
' '
'Building target: Module_2_LED_Controller.elf'
'Invoking: ARM v7 gcc linker'
arm-none-eabi-gcc -mcpu=cortex-a9 -mfpu=vfpv3 -mfloat-abi=hard -Wl,-build-id=none -specs=Xilinx.spec -Wl,-T -Wl,../src/lscript.ld -L../../Module_2_LED_Controller_bsp/ps7_cortexa9_0/lib -o "Module_2_LED_Controller.elf"  ./src/main.o ./src/myAXIfunctions.o   -Wl,--start-group,-lxil,-lgcc,-lc,--end-group
'Finished building target: Module_2_LED_Controller.elf'
' '
'Invoking: ARM v7 Print Size'
arm-none-eabi-size Module_2_LED_Controller.elf  |tee "Module_2_LED_Controller.elf.size"
   text	   data	    bss	    dec	    hex	filename
  19632	   1152	  22568	  43352	   a958	Module_2_LED_Controller.elf
'Finished building: Module_2_LED_Controller.elf.size'
' '
17:46:02 **** Auto Build of configuration Debug for project Module_2_LED_Controller ****
make pre-build main-build 
a9-linaro-pre-build-step
' '
'Building file: ../src/main.c'
'Invoking: ARM v7 gcc compiler'
arm-none-eabi-gcc -Wall -O0 -g3 -c -fmessage-length=0 -MT"src/main.o" -mcpu=cortex-a9 -mfpu=vfpv3 -mfloat-abi=hard -I../../Module_2_LED_Controller_bsp/ps7_cortexa9_0/include -MMD -MP -MF"src/main.d" -MT"src/main.o" -o "src/main.o" "../src/main.c"
../src/main.c: In function 'main':
../src/main.c:22:2: warning: implicit declaration of function 'demoRGBS'; did you mean 'demoRGB'? [-Wimplicit-function-declaration]
  demoRGBS();
  ^~~~~~~~
  demoRGB
'Finished building: ../src/main.c'
' '
'Building target: Module_2_LED_Controller.elf'
'Invoking: ARM v7 gcc linker'
arm-none-eabi-gcc -mcpu=cortex-a9 -mfpu=vfpv3 -mfloat-abi=hard -Wl,-build-id=none -specs=Xilinx.spec -Wl,-T -Wl,../src/lscript.ld -L../../Module_2_LED_Controller_bsp/ps7_cortexa9_0/lib -o "Module_2_LED_Controller.elf"  ./src/main.o ./src/myAXIfunctions.o   -Wl,--start-group,-lxil,-lgcc,-lc,--end-group
'Finished building target: Module_2_LED_Controller.elf'
' '
'Invoking: ARM v7 Print Size'
arm-none-eabi-size Module_2_LED_Controller.elf  |tee "Module_2_LED_Controller.elf.size"
   text	   data	    bss	    dec	    hex	filename
  19628	   1152	  22568	  43348	   a954	Module_2_LED_Controller.elf
'Finished building: Module_2_LED_Controller.elf.size'
' '
17:46:15 **** Auto Build of configuration Debug for project Module_2_LED_Controller ****
make pre-build main-build 
a9-linaro-pre-build-step
' '
'Building file: ../src/myAXIfunctions.c'
'Invoking: ARM v7 gcc compiler'
arm-none-eabi-gcc -Wall -O0 -g3 -c -fmessage-length=0 -MT"src/myAXIfunctions.o" -mcpu=cortex-a9 -mfpu=vfpv3 -mfloat-abi=hard -I../../Module_2_LED_Controller_bsp/ps7_cortexa9_0/include -MMD -MP -MF"src/myAXIfunctions.d" -MT"src/myAXIfunctions.o" -o "src/myAXIfunctions.o" "../src/myAXIfunctions.c"
'Finished building: ../src/myAXIfunctions.c'
' '
'Building target: Module_2_LED_Controller.elf'
'Invoking: ARM v7 gcc linker'
arm-none-eabi-gcc -mcpu=cortex-a9 -mfpu=vfpv3 -mfloat-abi=hard -Wl,-build-id=none -specs=Xilinx.spec -Wl,-T -Wl,../src/lscript.ld -L../../Module_2_LED_Controller_bsp/ps7_cortexa9_0/lib -o "Module_2_LED_Controller.elf"  ./src/main.o ./src/myAXIfunctions.o   -Wl,--start-group,-lxil,-lgcc,-lc,--end-group
./src/main.o: In function `main':
C:\Users\Sergaljerk\WSU-CPTE\EE324\Module_2\Module_2.sdk\Module_2_LED_Controller\Debug/../src/main.c:22: undefined reference to `demoRGBS'
collect2.exe: error: ld returned 1 exit status
make: *** [Module_2_LED_Controller.elf] Error 1
17:46:20 **** Auto Build of configuration Debug for project Module_2_LED_Controller ****
make pre-build main-build 
a9-linaro-pre-build-step
' '
'Building file: ../src/main.c'
'Invoking: ARM v7 gcc compiler'
arm-none-eabi-gcc -Wall -O0 -g3 -c -fmessage-length=0 -MT"src/main.o" -mcpu=cortex-a9 -mfpu=vfpv3 -mfloat-abi=hard -I../../Module_2_LED_Controller_bsp/ps7_cortexa9_0/include -MMD -MP -MF"src/main.d" -MT"src/main.o" -o "src/main.o" "../src/main.c"
'Finished building: ../src/main.c'
' '
'Building target: Module_2_LED_Controller.elf'
'Invoking: ARM v7 gcc linker'
arm-none-eabi-gcc -mcpu=cortex-a9 -mfpu=vfpv3 -mfloat-abi=hard -Wl,-build-id=none -specs=Xilinx.spec -Wl,-T -Wl,../src/lscript.ld -L../../Module_2_LED_Controller_bsp/ps7_cortexa9_0/lib -o "Module_2_LED_Controller.elf"  ./src/main.o ./src/myAXIfunctions.o   -Wl,--start-group,-lxil,-lgcc,-lc,--end-group
'Finished building target: Module_2_LED_Controller.elf'
' '
'Invoking: ARM v7 Print Size'
arm-none-eabi-size Module_2_LED_Controller.elf  |tee "Module_2_LED_Controller.elf.size"
   text	   data	    bss	    dec	    hex	filename
  19628	   1152	  22568	  43348	   a954	Module_2_LED_Controller.elf
'Finished building: Module_2_LED_Controller.elf.size'
' '
17:46:29 **** Incremental Build of configuration Debug for project Module_2_LED_Controller ****
make pre-build main-build 
a9-linaro-pre-build-step
' '
make: Nothing to be done for `main-build'.
17:47:15 **** Auto Build of configuration Debug for project Module_2_LED_Controller ****
make pre-build main-build 
a9-linaro-pre-build-step
' '
'Building file: ../src/myAXIfunctions.c'
'Invoking: ARM v7 gcc compiler'
arm-none-eabi-gcc -Wall -O0 -g3 -c -fmessage-length=0 -MT"src/myAXIfunctions.o" -mcpu=cortex-a9 -mfpu=vfpv3 -mfloat-abi=hard -I../../Module_2_LED_Controller_bsp/ps7_cortexa9_0/include -MMD -MP -MF"src/myAXIfunctions.d" -MT"src/myAXIfunctions.o" -o "src/myAXIfunctions.o" "../src/myAXIfunctions.c"
'Finished building: ../src/myAXIfunctions.c'
' '
'Building target: Module_2_LED_Controller.elf'
'Invoking: ARM v7 gcc linker'
arm-none-eabi-gcc -mcpu=cortex-a9 -mfpu=vfpv3 -mfloat-abi=hard -Wl,-build-id=none -specs=Xilinx.spec -Wl,-T -Wl,../src/lscript.ld -L../../Module_2_LED_Controller_bsp/ps7_cortexa9_0/lib -o "Module_2_LED_Controller.elf"  ./src/main.o ./src/myAXIfunctions.o   -Wl,--start-group,-lxil,-lgcc,-lc,--end-group
'Finished building target: Module_2_LED_Controller.elf'
' '
'Invoking: ARM v7 Print Size'
arm-none-eabi-size Module_2_LED_Controller.elf  |tee "Module_2_LED_Controller.elf.size"
   text	   data	    bss	    dec	    hex	filename
  19628	   1152	  22568	  43348	   a954	Module_2_LED_Controller.elf
'Finished building: Module_2_LED_Controller.elf.size'
' '
17:47:18 **** Incremental Build of configuration Debug for project Module_2_LED_Controller ****
make pre-build main-build 
a9-linaro-pre-build-step
' '
make: Nothing to be done for `main-build'.
17:48:11 **** Auto Build of configuration Debug for project Module_2_LED_Controller ****
make pre-build main-build 
a9-linaro-pre-build-step
' '
'Building file: ../src/main.c'
'Invoking: ARM v7 gcc compiler'
arm-none-eabi-gcc -Wall -O0 -g3 -c -fmessage-length=0 -MT"src/main.o" -mcpu=cortex-a9 -mfpu=vfpv3 -mfloat-abi=hard -I../../Module_2_LED_Controller_bsp/ps7_cortexa9_0/include -MMD -MP -MF"src/main.d" -MT"src/main.o" -o "src/main.o" "../src/main.c"
'Finished building: ../src/main.c'
' '
'Building target: Module_2_LED_Controller.elf'
'Invoking: ARM v7 gcc linker'
arm-none-eabi-gcc -mcpu=cortex-a9 -mfpu=vfpv3 -mfloat-abi=hard -Wl,-build-id=none -specs=Xilinx.spec -Wl,-T -Wl,../src/lscript.ld -L../../Module_2_LED_Controller_bsp/ps7_cortexa9_0/lib -o "Module_2_LED_Controller.elf"  ./src/main.o ./src/myAXIfunctions.o   -Wl,--start-group,-lxil,-lgcc,-lc,--end-group
'Finished building target: Module_2_LED_Controller.elf'
' '
'Invoking: ARM v7 Print Size'
arm-none-eabi-size Module_2_LED_Controller.elf  |tee "Module_2_LED_Controller.elf.size"
   text	   data	    bss	    dec	    hex	filename
  19628	   1152	  22568	  43348	   a954	Module_2_LED_Controller.elf
'Finished building: Module_2_LED_Controller.elf.size'
' '
