00:03:24 **** Auto Build of configuration Debug for project LED_control ****
make pre-build main-build 
a9-linaro-pre-build-step
' '
'Building file: ../src/functions.c'
'Invoking: ARM v7 gcc compiler'
arm-none-eabi-gcc -Wall -O0 -g3 -c -fmessage-length=0 -MT"src/functions.o" -mcpu=cortex-a9 -mfpu=vfpv3 -mfloat-abi=hard -I../../LED_control_bsp/ps7_cortexa9_0/include -MMD -MP -MF"src/functions.d" -MT"src/functions.o" -o "src/functions.o" "../src/functions.c"
'Finished building: ../src/functions.c'
' '
'Building file: ../src/main.c'
'Invoking: ARM v7 gcc compiler'
arm-none-eabi-gcc -Wall -O0 -g3 -c -fmessage-length=0 -MT"src/main.o" -mcpu=cortex-a9 -mfpu=vfpv3 -mfloat-abi=hard -I../../LED_control_bsp/ps7_cortexa9_0/include -MMD -MP -MF"src/main.d" -MT"src/main.o" -o "src/main.o" "../src/main.c"
'Finished building: ../src/main.c'
' '
'Building target: LED_control.elf'
'Invoking: ARM v7 gcc linker'
arm-none-eabi-gcc -mcpu=cortex-a9 -mfpu=vfpv3 -mfloat-abi=hard -Wl,-build-id=none -specs=Xilinx.spec -Wl,-T -Wl,../src/lscript.ld -L../../LED_control_bsp/ps7_cortexa9_0/lib -o "LED_control.elf"  ./src/functions.o ./src/main.o   -Wl,--start-group,-lxil,-lgcc,-lc,--end-group
'Finished building target: LED_control.elf'
' '
'Invoking: ARM v7 Print Size'
arm-none-eabi-size LED_control.elf  |tee "LED_control.elf.size"
   text	   data	    bss	    dec	    hex	filename
  19392	   1144	  22568	  43104	   a860	LED_control.elf
'Finished building: LED_control.elf.size'
' '

00:03:25 Build Finished (took 840ms)

