Copyright 1986-2018 Xilinx, Inc. All Rights Reserved.
--------------------------------------------------------------------------------------------------------------------------------------------------------------------------------------------------
| Tool Version : Vivado v.2018.3 (lin64) Build 2405991 Thu Dec  6 23:36:41 MST 2018
| Date         : Fri Mar  1 22:47:54 2019
| Host         : Necryotiks running 64-bit unknown
| Command      : report_methodology -file Bounce_Timer_wrapper_methodology_drc_routed.rpt -pb Bounce_Timer_wrapper_methodology_drc_routed.pb -rpx Bounce_Timer_wrapper_methodology_drc_routed.rpx
| Design       : Bounce_Timer_wrapper
| Device       : xc7z007sclg400-1
| Speed File   : -1
| Design State : Fully Routed
--------------------------------------------------------------------------------------------------------------------------------------------------------------------------------------------------

Report Methodology

Table of Contents
-----------------
1. REPORT SUMMARY
2. REPORT DETAILS

1. REPORT SUMMARY
-----------------
            Netlist: netlist
          Floorplan: design_1
      Design limits: <entire design considered>
             Max violations: <unlimited>
             Violations found: 26
+-----------+----------+-----------------------------+------------+
| Rule      | Severity | Description                 | Violations |
+-----------+----------+-----------------------------+------------+
| TIMING-17 | Warning  | Non-clocked sequential cell | 26         |
+-----------+----------+-----------------------------+------------+

2. REPORT DETAILS
-----------------
TIMING-17#1 Warning
Non-clocked sequential cell  
The clock pin Bounce_Timer_i/ssd_dec_0/inst/r_Cathodes_reg[0]/C is not reached by a timing clock
Related violations: <none>

TIMING-17#2 Warning
Non-clocked sequential cell  
The clock pin Bounce_Timer_i/ssd_dec_0/inst/r_Cathodes_reg[1]/C is not reached by a timing clock
Related violations: <none>

TIMING-17#3 Warning
Non-clocked sequential cell  
The clock pin Bounce_Timer_i/ssd_dec_0/inst/r_Cathodes_reg[2]/C is not reached by a timing clock
Related violations: <none>

TIMING-17#4 Warning
Non-clocked sequential cell  
The clock pin Bounce_Timer_i/ssd_dec_0/inst/r_Cathodes_reg[3]/C is not reached by a timing clock
Related violations: <none>

TIMING-17#5 Warning
Non-clocked sequential cell  
The clock pin Bounce_Timer_i/ssd_dec_0/inst/r_Cathodes_reg[4]/C is not reached by a timing clock
Related violations: <none>

TIMING-17#6 Warning
Non-clocked sequential cell  
The clock pin Bounce_Timer_i/ssd_dec_0/inst/r_Cathodes_reg[5]/C is not reached by a timing clock
Related violations: <none>

TIMING-17#7 Warning
Non-clocked sequential cell  
The clock pin Bounce_Timer_i/ssd_dec_0/inst/r_Cathodes_reg[6]/C is not reached by a timing clock
Related violations: <none>

TIMING-17#8 Warning
Non-clocked sequential cell  
The clock pin Bounce_Timer_i/ssd_mux_0/inst/r_SUBCLK_reg[0]/C is not reached by a timing clock
Related violations: <none>

TIMING-17#9 Warning
Non-clocked sequential cell  
The clock pin Bounce_Timer_i/ssd_mux_0/inst/r_SUBCLK_reg[1]/C is not reached by a timing clock
Related violations: <none>

TIMING-17#10 Warning
Non-clocked sequential cell  
The clock pin Bounce_Timer_i/stopwatch_ssd_driver_0/inst/r_DISPLAY_MODE_reg[3]/C is not reached by a timing clock
Related violations: <none>

TIMING-17#11 Warning
Non-clocked sequential cell  
The clock pin Bounce_Timer_i/stopwatch_ssd_driver_0/inst/r_Digit_1_val_reg[0]/C is not reached by a timing clock
Related violations: <none>

TIMING-17#12 Warning
Non-clocked sequential cell  
The clock pin Bounce_Timer_i/stopwatch_ssd_driver_0/inst/r_Digit_1_val_reg[1]/C is not reached by a timing clock
Related violations: <none>

TIMING-17#13 Warning
Non-clocked sequential cell  
The clock pin Bounce_Timer_i/stopwatch_ssd_driver_0/inst/r_Digit_1_val_reg[2]/C is not reached by a timing clock
Related violations: <none>

TIMING-17#14 Warning
Non-clocked sequential cell  
The clock pin Bounce_Timer_i/stopwatch_ssd_driver_0/inst/r_Digit_1_val_reg[3]/C is not reached by a timing clock
Related violations: <none>

TIMING-17#15 Warning
Non-clocked sequential cell  
The clock pin Bounce_Timer_i/stopwatch_ssd_driver_0/inst/r_Digit_2_val_reg[0]/C is not reached by a timing clock
Related violations: <none>

TIMING-17#16 Warning
Non-clocked sequential cell  
The clock pin Bounce_Timer_i/stopwatch_ssd_driver_0/inst/r_Digit_2_val_reg[1]/C is not reached by a timing clock
Related violations: <none>

TIMING-17#17 Warning
Non-clocked sequential cell  
The clock pin Bounce_Timer_i/stopwatch_ssd_driver_0/inst/r_Digit_2_val_reg[2]/C is not reached by a timing clock
Related violations: <none>

TIMING-17#18 Warning
Non-clocked sequential cell  
The clock pin Bounce_Timer_i/stopwatch_ssd_driver_0/inst/r_Digit_2_val_reg[3]/C is not reached by a timing clock
Related violations: <none>

TIMING-17#19 Warning
Non-clocked sequential cell  
The clock pin Bounce_Timer_i/stopwatch_ssd_driver_0/inst/r_Digit_3_val_reg[0]/C is not reached by a timing clock
Related violations: <none>

TIMING-17#20 Warning
Non-clocked sequential cell  
The clock pin Bounce_Timer_i/stopwatch_ssd_driver_0/inst/r_Digit_3_val_reg[1]/C is not reached by a timing clock
Related violations: <none>

TIMING-17#21 Warning
Non-clocked sequential cell  
The clock pin Bounce_Timer_i/stopwatch_ssd_driver_0/inst/r_Digit_3_val_reg[2]/C is not reached by a timing clock
Related violations: <none>

TIMING-17#22 Warning
Non-clocked sequential cell  
The clock pin Bounce_Timer_i/stopwatch_ssd_driver_0/inst/r_Digit_3_val_reg[3]/C is not reached by a timing clock
Related violations: <none>

TIMING-17#23 Warning
Non-clocked sequential cell  
The clock pin Bounce_Timer_i/stopwatch_ssd_driver_0/inst/r_Digit_4_val_reg[0]/C is not reached by a timing clock
Related violations: <none>

TIMING-17#24 Warning
Non-clocked sequential cell  
The clock pin Bounce_Timer_i/stopwatch_ssd_driver_0/inst/r_Digit_4_val_reg[1]/C is not reached by a timing clock
Related violations: <none>

TIMING-17#25 Warning
Non-clocked sequential cell  
The clock pin Bounce_Timer_i/stopwatch_ssd_driver_0/inst/r_Digit_4_val_reg[2]/C is not reached by a timing clock
Related violations: <none>

TIMING-17#26 Warning
Non-clocked sequential cell  
The clock pin Bounce_Timer_i/stopwatch_ssd_driver_0/inst/r_Digit_4_val_reg[3]/C is not reached by a timing clock
Related violations: <none>


