00:22:10 **** Auto Build of configuration Debug for project Project_1 ****
make pre-build main-build 
a9-linaro-pre-build-step
' '
'Building file: ../src/P1.S'
'Invoking: ARM v7 gcc compiler'
arm-none-eabi-gcc -Wall -O0 -g3 -c -fmessage-length=0 -MT"src/P1.o" -mcpu=cortex-a9 -mfpu=vfpv3 -mfloat-abi=hard -I../../Project_1_bsp/ps7_cortexa9_0/include -MMD -MP -MF"src/P1.d" -MT"src/P1.o" -o "src/P1.o" "../src/P1.S"
'Finished building: ../src/P1.S'
' '
'Building target: Project_1.elf'
'Invoking: ARM v7 gcc linker'
arm-none-eabi-gcc -mcpu=cortex-a9 -mfpu=vfpv3 -mfloat-abi=hard -Wl,-build-id=none -specs=Xilinx.spec -Wl,-T -Wl,../src/lscript.ld -L../../Project_1_bsp/ps7_cortexa9_0/lib -o "Project_1.elf"  ./src/P1.o   -Wl,--start-group,-lxil,-lgcc,-lc,--end-group
'Finished building target: Project_1.elf'
' '
'Invoking: ARM v7 Print Size'
arm-none-eabi-size Project_1.elf  |tee "Project_1.elf.size"
   text	   data	    bss	    dec	    hex	filename
  19084	   1144	  22568	  42796	   a72c	Project_1.elf
'Finished building: Project_1.elf.size'
' '

00:22:10 Build Finished (took 546ms)

