#-----------------------------------------------------------
# Vivado v2019.1 (64-bit)
# SW Build 2552052 on Fri May 24 14:47:09 MDT 2019
# IP Build 2548770 on Fri May 24 18:01:18 MDT 2019
# Start of session at: Sat Aug 24 12:48:23 2019
# Process ID: 25828
# Current directory: /home/sergaljerk/Documents/Repos/WSU-CPTE/EE324
# Command line: vivado
# Log file: /home/sergaljerk/Documents/Repos/WSU-CPTE/EE324/vivado.log
# Journal file: /home/sergaljerk/Documents/Repos/WSU-CPTE/EE324/vivado.jou
#-----------------------------------------------------------
start_gui
open_project /home/sergaljerk/Documents/Repos/WSU-CPTE/EE324/Module_1/Module_1.xpr
report_ip_status -name ip_status 
upgrade_ip [get_ips  {Bounce_Timer_xlslice_0_0 Bounce_Timer_xlslice_3_0 Bounce_Timer_xlslice_2_0 Bounce_Timer_xlslice_1_0 Reaction_Time_Averager_xlslice_0_3 Reaction_Time_Averager_xlslice_0_0 Reaction_Time_Averager_xlslice_0_1 Reaction_Time_Averager_xlslice_0_2}] -log ip_upgrade.log
export_ip_user_files -of_objects [get_ips {Bounce_Timer_xlslice_0_0 Bounce_Timer_xlslice_3_0 Bounce_Timer_xlslice_2_0 Bounce_Timer_xlslice_1_0 Reaction_Time_Averager_xlslice_0_3 Reaction_Time_Averager_xlslice_0_0 Reaction_Time_Averager_xlslice_0_1 Reaction_Time_Averager_xlslice_0_2}] -no_script -sync -force -quiet
open_hw
connect_hw_server
open_hw_target
set_property PROGRAM.FILE {/home/sergaljerk/Documents/Repos/WSU-CPTE/EE324/Module_1/Module_1.runs/impl_1/Bounce_Timer_wrapper.bit} [get_hw_devices xc7z007s_1]
current_hw_device [get_hw_devices xc7z007s_1]
refresh_hw_device -update_hw_probes false [lindex [get_hw_devices xc7z007s_1] 0]
update_compile_order -fileset sources_1
reset_run synth_1
launch_runs impl_1 -to_step write_bitstream -jobs 14
wait_on_run impl_1
open_bd_design {/home/sergaljerk/Documents/Repos/WSU-CPTE/EE324/Module_1/Module_1.srcs/sources_1/bd/Bounce_Timer/Bounce_Timer.bd}
set_property PROBES.FILE {} [get_hw_devices xc7z007s_1]
set_property FULL_PROBES.FILE {} [get_hw_devices xc7z007s_1]
set_property PROGRAM.FILE {/home/sergaljerk/Documents/Repos/WSU-CPTE/EE324/Module_1/Module_1.runs/impl_1/Bounce_Timer_wrapper.bit} [get_hw_devices xc7z007s_1]
program_hw_devices [get_hw_devices xc7z007s_1]
refresh_hw_device [lindex [get_hw_devices xc7z007s_1] 0]
open_run impl_1
report_timing_summary -delay_type min_max -report_unconstrained -check_timing_verbose -max_paths 10 -input_pins -routable_nets -name timing_1
open_bd_design {/home/sergaljerk/Documents/Repos/WSU-CPTE/EE324/Module_1/Module_1.srcs/sources_1/bd/Bounce_Timer/Bounce_Timer.bd}
startgroup
set_property -dict [list CONFIG.c_NUM {500000}] [get_bd_cells HZ_Counter_0]
endgroup
save_bd_design
reset_run synth_1
launch_runs impl_1 -to_step write_bitstream -jobs 14
wait_on_run impl_1
set_property PROBES.FILE {} [get_hw_devices xc7z007s_1]
set_property FULL_PROBES.FILE {} [get_hw_devices xc7z007s_1]
set_property PROGRAM.FILE {/home/sergaljerk/Documents/Repos/WSU-CPTE/EE324/Module_1/Module_1.runs/impl_1/Bounce_Timer_wrapper.bit} [get_hw_devices xc7z007s_1]
program_hw_devices [get_hw_devices xc7z007s_1]
refresh_hw_device [lindex [get_hw_devices xc7z007s_1] 0]
open_bd_design {/home/sergaljerk/Documents/Repos/WSU-CPTE/EE324/Module_1/Module_1.srcs/sources_1/bd/Bounce_Timer/Bounce_Timer.bd}
delete_bd_objs [get_bd_nets HZ_Counter_0_o_Out]
connect_bd_net [get_bd_ports i_CLK] [get_bd_pins ssd_dec_0/i_CLK]
connect_bd_net [get_bd_pins ssd_mux_0/i_CLK] [get_bd_pins HZ_Counter_0/o_Out]
connect_bd_net [get_bd_pins BINARY_TO_BCD_0/i_Clock] [get_bd_pins HZ_Counter_0/o_Out]
regenerate_bd_layout
startgroup
set_property -dict [list CONFIG.c_NUM {50000}] [get_bd_cells HZ_Counter_0]
endgroup
save_bd_design
reset_run synth_1
launch_runs impl_1 -to_step write_bitstream -jobs 14
wait_on_run impl_1
set_property PROBES.FILE {} [get_hw_devices xc7z007s_1]
set_property FULL_PROBES.FILE {} [get_hw_devices xc7z007s_1]
set_property PROGRAM.FILE {/home/sergaljerk/Documents/Repos/WSU-CPTE/EE324/Module_1/Module_1.runs/impl_1/Bounce_Timer_wrapper.bit} [get_hw_devices xc7z007s_1]
program_hw_devices [get_hw_devices xc7z007s_1]
refresh_hw_device [lindex [get_hw_devices xc7z007s_1] 0]
report_ip_status -name ip_status 
update_module_reference {Bounce_Timer_HZ_Counter_0_0 Reaction_Time_Averager_HZ_Counter_0_0}
reset_run synth_1
launch_runs synth_1 -jobs 14
wait_on_run synth_1
current_bd_design [get_bd_designs Bounce_Timer]
launch_runs impl_1 -to_step write_bitstream -jobs 14
wait_on_run impl_1
set_property PROBES.FILE {} [get_hw_devices xc7z007s_1]
set_property FULL_PROBES.FILE {} [get_hw_devices xc7z007s_1]
set_property PROGRAM.FILE {/home/sergaljerk/Documents/Repos/WSU-CPTE/EE324/Module_1/Module_1.runs/impl_1/Bounce_Timer_wrapper.bit} [get_hw_devices xc7z007s_1]
program_hw_devices [get_hw_devices xc7z007s_1]
refresh_hw_device [lindex [get_hw_devices xc7z007s_1] 0]
open_bd_design {/home/sergaljerk/Documents/Repos/WSU-CPTE/EE324/Module_1/Module_1.srcs/sources_1/bd/Bounce_Timer/Bounce_Timer.bd}
update_module_reference Bounce_Timer_Bounce_Counter_FSM_0_0
report_design_analysis -extend -setup
set_property STEPS.PHYS_OPT_DESIGN.IS_ENABLED true [get_runs impl_1]
set_property STEPS.POST_ROUTE_PHYS_OPT_DESIGN.IS_ENABLED true [get_runs impl_1]
reset_run synth_1
update_module_reference Bounce_Timer_Bounce_Counter_FSM_0_0
launch_runs impl_1 -jobs 14
wait_on_run impl_1
report_timing_summary -delay_type min_max -report_unconstrained -check_timing_verbose -max_paths 10 -input_pins -routable_nets -name timing_2
save_constraints -force
refresh_design
reset_run synth_1
launch_runs impl_1 -jobs 14
wait_on_run impl_1
refresh_design
open_bd_design {/home/sergaljerk/Documents/Repos/WSU-CPTE/EE324/Module_1/Module_1.srcs/sources_1/bd/Bounce_Timer/Bounce_Timer.bd}
disconnect_bd_net /HZ_Counter_0_o_Out [get_bd_pins HZ_Counter_0/o_Out]
startgroup
create_bd_port -dir O -type clk o_Out
connect_bd_net [get_bd_pins /HZ_Counter_0/o_Out] [get_bd_ports o_Out]
endgroup
delete_bd_objs [get_bd_nets HZ_Counter_0_o_Out1]
delete_bd_objs [get_bd_ports o_Out]
set_property USER_COMMENTS.comment_0 {Enter Comments here}  [get_bd_pins HZ_Counter_0/o_Out]
set_property USER_COMMENTS.comment_0 {This needs to be piped to a BUFGCE
}  [get_bd_pins HZ_Counter_0/o_Out]
connect_bd_net [get_bd_pins HZ_Counter_0/o_Out] [get_bd_pins ssd_mux_0/i_CLK]
update_module_reference {Bounce_Timer_HZ_Counter_0_0 Reaction_Time_Averager_HZ_Counter_0_0}
current_bd_design [get_bd_designs Bounce_Timer]
connect_bd_net [get_bd_pins HZ_Counter_0/o_CLK] [get_bd_pins ssd_mux_0/i_CLK]
save_bd_design
reset_run synth_1
launch_runs synth_1 -jobs 14
wait_on_run synth_1
launch_runs impl_1 -jobs 14
wait_on_run impl_1
refresh_design
open_bd_design {/home/sergaljerk/Documents/Repos/WSU-CPTE/EE324/Module_1/Module_1.srcs/sources_1/bd/Bounce_Timer/Bounce_Timer.bd}
report_ip_status -name ip_status 
report_ip_status
save_constraints -force
reset_run synth_1
launch_runs synth_1 -jobs 14
wait_on_run synth_1
launch_runs impl_1 -jobs 14
wait_on_run impl_1
refresh_design
launch_runs impl_1 -to_step write_bitstream -jobs 14
wait_on_run impl_1
set_property PROBES.FILE {} [get_hw_devices xc7z007s_1]
set_property FULL_PROBES.FILE {} [get_hw_devices xc7z007s_1]
set_property PROGRAM.FILE {/home/sergaljerk/Documents/Repos/WSU-CPTE/EE324/Module_1/Module_1.runs/impl_1/Bounce_Timer_wrapper.bit} [get_hw_devices xc7z007s_1]
program_hw_devices [get_hw_devices xc7z007s_1]
refresh_hw_device [lindex [get_hw_devices xc7z007s_1] 0]
update_module_reference {Bounce_Timer_HZ_Counter_0_0 Reaction_Time_Averager_HZ_Counter_0_0}
current_bd_design [get_bd_designs Bounce_Timer]
reset_run synth_1
launch_runs synth_1 -jobs 14
wait_on_run synth_1
launch_runs impl_1 -to_step write_bitstream -jobs 14
wait_on_run impl_1
set_property PROBES.FILE {} [get_hw_devices xc7z007s_1]
set_property FULL_PROBES.FILE {} [get_hw_devices xc7z007s_1]
set_property PROGRAM.FILE {/home/sergaljerk/Documents/Repos/WSU-CPTE/EE324/Module_1/Module_1.runs/impl_1/Bounce_Timer_wrapper.bit} [get_hw_devices xc7z007s_1]
program_hw_devices [get_hw_devices xc7z007s_1]
refresh_hw_device [lindex [get_hw_devices xc7z007s_1] 0]
update_module_reference Bounce_Timer_Bounce_Counter_FSM_0_0
reset_run synth_1
launch_runs impl_1 -to_step write_bitstream -jobs 14
wait_on_run impl_1
set_property PROBES.FILE {} [get_hw_devices xc7z007s_1]
set_property FULL_PROBES.FILE {} [get_hw_devices xc7z007s_1]
set_property PROGRAM.FILE {/home/sergaljerk/Documents/Repos/WSU-CPTE/EE324/Module_1/Module_1.runs/impl_1/Bounce_Timer_wrapper.bit} [get_hw_devices xc7z007s_1]
program_hw_devices [get_hw_devices xc7z007s_1]
refresh_hw_device [lindex [get_hw_devices xc7z007s_1] 0]
update_module_reference {Bounce_Timer_HZ_Counter_0_0 Reaction_Time_Averager_HZ_Counter_0_0}
update_module_reference Bounce_Timer_Bounce_Counter_FSM_0_0
reset_run synth_1
launch_runs impl_1 -to_step write_bitstream -jobs 14
wait_on_run impl_1
update_module_reference Bounce_Timer_Bounce_Counter_FSM_0_0
reset_run synth_1
launch_runs synth_1 -jobs 14
wait_on_run synth_1
launch_runs impl_1 -to_step write_bitstream -jobs 14
wait_on_run impl_1
set_property PROBES.FILE {} [get_hw_devices xc7z007s_1]
set_property FULL_PROBES.FILE {} [get_hw_devices xc7z007s_1]
set_property PROGRAM.FILE {/home/sergaljerk/Documents/Repos/WSU-CPTE/EE324/Module_1/Module_1.runs/impl_1/Bounce_Timer_wrapper.bit} [get_hw_devices xc7z007s_1]
program_hw_devices [get_hw_devices xc7z007s_1]
refresh_hw_device [lindex [get_hw_devices xc7z007s_1] 0]
report_ip_status -name ip_status 
open_bd_design {/home/sergaljerk/Documents/Repos/WSU-CPTE/EE324/Module_1/Module_1.srcs/sources_1/bd/Bounce_Timer/Bounce_Timer.bd}
current_bd_design [get_bd_designs Reaction_Time_Averager]
connect_bd_net [get_bd_pins HZ_Counter_0/o_CLK] [get_bd_pins RTM_FSM_0/i_CLK1KHZ]
save_bd_design
current_bd_design [get_bd_designs Bounce_Timer]
