#-----------------------------------------------------------
# Vivado v2019.1 (64-bit)
# SW Build 2552052 on Fri May 24 14:47:09 MDT 2019
# IP Build 2548770 on Fri May 24 18:01:18 MDT 2019
# Start of session at: Sat Nov  9 20:12:06 2019
# Process ID: 4496
# Current directory: /home/sergaljerk/Documents/Repos/WSU-CPTE/EE324/Module_5
# Command line: vivado
# Log file: /home/sergaljerk/Documents/Repos/WSU-CPTE/EE324/Module_5/vivado.log
# Journal file: /home/sergaljerk/Documents/Repos/WSU-CPTE/EE324/Module_5/vivado.jou
#-----------------------------------------------------------
start_gui
open_project /home/sergaljerk/Documents/Repos/WSU-CPTE/EE324/Module_5/Module_5.xpr
update_compile_order -fileset sources_1
open_bd_design {/home/sergaljerk/Documents/Repos/WSU-CPTE/EE324/Module_5/Module_5.srcs/sources_1/bd/CHAR_ROM_DISPLAY/CHAR_ROM_DISPLAY.bd}
update_module_reference CHAR_ROM_DISPLAY_RAM_RANGLER_FSM_0_0
connect_bd_net [get_bd_pins RAM_RANGLER_FSM_0/i_RSTN] [get_bd_pins rst_ps7_0_50M/peripheral_aresetn]
regenerate_bd_layout
delete_bd_objs [get_bd_ports reset_rtl_0]
connect_bd_net [get_bd_pins RAM_RANGLER_FSM_0/i_VDE] [get_bd_pins VGA_controller_0/o_VDE]
save_bd_design
update_module_reference CHAR_ROM_DISPLAY_RAM_RANGLER_FSM_0_0
