20:20:20 **** Incremental Build of configuration Debug for project Module_4 ****
make pre-build main-build 
a9-linaro-pre-build-step
 
Building file: ../src/functions.c
Invoking: ARM v7 gcc compiler
arm-none-eabi-gcc -Wall -O0 -g3 -c -fmessage-length=0 -MT"src/functions.o" -mcpu=cortex-a9 -mfpu=vfpv3 -mfloat-abi=hard -I../../Module_4_bsp/ps7_cortexa9_0/include -MMD -MP -MF"src/functions.d" -MT"src/functions.o" -o "src/functions.o" "../src/functions.c"
Finished building: ../src/functions.c
 
Building target: Module_4.elf
Invoking: ARM v7 gcc linker
arm-none-eabi-gcc -mcpu=cortex-a9 -mfpu=vfpv3 -mfloat-abi=hard -Wl,-build-id=none -specs=Xilinx.spec -Wl,-T -Wl,../src/lscript.ld -L../../Module_4_bsp/ps7_cortexa9_0/lib -o "Module_4.elf"  ./src/functions.o ./src/main.o ./src/platform.o   -Wl,--start-group,-lxil,-lgcc,-lc,--end-group
Finished building target: Module_4.elf
 
Invoking: ARM v7 Print Size
arm-none-eabi-size Module_4.elf  |tee "Module_4.elf.size"
   text	   data	    bss	    dec	    hex	filename
  19256	   1144	  22568	  42968	   a7d8	Module_4.elf
Finished building: Module_4.elf.size
 

20:20:20 Build Finished (took 262ms)

