19:49:49 **** Incremental Build of configuration Debug for project PWM ****
make pre-build main-build 
a9-linaro-pre-build-step
 
Building file: ../src/main.c
Invoking: ARM v7 gcc compiler
arm-none-eabi-gcc -Wall -O0 -g3 -c -fmessage-length=0 -MT"src/main.o" -mcpu=cortex-a9 -mfpu=vfpv3 -mfloat-abi=hard -I../../PWM_bsp/ps7_cortexa9_0/include -MMD -MP -MF"src/main.d" -MT"src/main.o" -o "src/main.o" "../src/main.c"
Finished building: ../src/main.c
 
Building target: PWM.elf
Invoking: ARM v7 gcc linker
arm-none-eabi-gcc -mcpu=cortex-a9 -mfpu=vfpv3 -mfloat-abi=hard -Wl,-build-id=none -specs=Xilinx.spec -Wl,-T -Wl,../src/lscript.ld -L../../PWM_bsp/ps7_cortexa9_0/lib -o "PWM.elf"  ./src/main.o   -Wl,--start-group,-lxil,-lgcc,-lc,--end-group
Finished building target: PWM.elf
 
Invoking: ARM v7 Print Size
arm-none-eabi-size PWM.elf  |tee "PWM.elf.size"
   text	   data	    bss	    dec	    hex	filename
  19020	   1144	  22584	  42748	   a6fc	PWM.elf
Finished building: PWM.elf.size
 

19:49:49 Build Finished (took 117ms)

